2026-09-21 22:06:15,961 - cauveris.main - INFO - Starting Cauveris backend
2026-09-21 22:10:16,046 - cauveris.main - INFO - Starting Cauveris backend
2026-09-21 22:10:16,046 - cauveris.main - INFO - Loading golden incident on startup...
2026-09-21 22:10:16,354 - cauveris.datasets.golden_incident - INFO - Generating golden CAU-0001 incident
2026-09-21 22:10:16,544 - cauveris.datasets.golden_incident - WARNING - Expected evidence file not found: incident-CAU-0001\README.md
2026-09-21 22:10:16,546 - cauveris.datasets.golden_incident - INFO - Generated incident 9c9f31a6-9f18-4c93-b352-88a5ed87dc16 with 14 evidence items
2026-09-21 22:10:16,546 - cauveris.main - INFO - Loaded golden incident 9c9f31a6-9f18-4c93-b352-88a5ed87dc16
2026-09-21 22:10:29,278 - cauveris.datasets.golden_incident - INFO - Generating golden CAU-0001 incident
2026-09-21 22:10:29,294 - cauveris.datasets.golden_incident - WARNING - Expected evidence file not found: incident-CAU-0001\README.md
2026-09-21 22:10:29,295 - cauveris.datasets.golden_incident - INFO - Generated incident a26f011b-1bb9-4298-b825-6bd87ce280ee with 14 evidence items
2026-09-21 22:10:29,295 - cauveris.api.main - INFO - Created golden incident a26f011b-1bb9-4298-b825-6bd87ce280ee
2026-09-21 22:10:33,222 - cauveris.state_machine.orchestrator - INFO - Transitioning to RECEIVED: 
2026-09-21 22:10:33,222 - cauveris.api.main - INFO - Incident a26f011b-1bb9-4298-b825-6bd87ce280ee progress: RECEIVED 0.0%
2026-09-21 22:10:33,222 - cauveris.ingestion.controller - INFO - Processing incident: a26f011b-1bb9-4298-b825-6bd87ce280ee
2026-09-21 22:10:33,223 - cauveris.ingestion.controller - INFO - Ingestion complete for incident a26f011b-1bb9-4298-b825-6bd87ce280ee
2026-09-21 22:10:33,224 - cauveris.state_machine.orchestrator - INFO - Transitioning to VALIDATING: 
2026-09-21 22:10:33,224 - cauveris.api.main - INFO - Incident a26f011b-1bb9-4298-b825-6bd87ce280ee progress: VALIDATING 10.0%
2026-09-21 22:10:33,224 - cauveris.timeline.builder - INFO - Building timeline for incident a26f011b-1bb9-4298-b825-6bd87ce280ee
2026-09-21 22:10:33,227 - cauveris.timeline.builder - INFO - Built timeline with 24 events
2026-09-21 22:10:33,227 - cauveris.state_machine.orchestrator - INFO - Transitioning to NORMALIZING: 
2026-09-21 22:10:33,227 - cauveris.api.main - INFO - Incident a26f011b-1bb9-4298-b825-6bd87ce280ee progress: NORMALIZING 20.0%
2026-09-21 22:10:33,227 - cauveris.hypothesis.generator - INFO - Generating hypotheses for incident a26f011b-1bb9-4298-b825-6bd87ce280ee
2026-09-21 22:10:33,229 - cauveris.hypothesis.generator - INFO - Generated 4 hypotheses for incident a26f011b-1bb9-4298-b825-6bd87ce280ee
2026-09-21 22:10:33,229 - cauveris.state_machine.orchestrator - INFO - Transitioning to HYPOTHESIZING: 
2026-09-21 22:10:33,229 - cauveris.api.main - INFO - Incident a26f011b-1bb9-4298-b825-6bd87ce280ee progress: HYPOTHESIZING 30.0%
2026-09-21 22:10:33,229 - cauveris.sandbox.controller - INFO - Planning experiments for 4 hypotheses
2026-09-21 22:10:33,229 - cauveris.state_machine.orchestrator - INFO - Transitioning to PLANNING: 
2026-09-21 22:10:33,229 - cauveris.api.main - INFO - Incident a26f011b-1bb9-4298-b825-6bd87ce280ee progress: PLANNING 40.0%
2026-09-21 22:10:33,229 - cauveris.sandbox.controller - INFO - Running 4 experiments
2026-09-21 22:10:33,229 - cauveris.sandbox.controller - INFO - Starting experiment exp-h1_batching_window
2026-09-21 22:10:33,232 - cauveris.sandbox.controller - INFO - Applying intervention for h1_batching_window: Reduce dynamic batching window from 200ms to 100ms
2026-09-21 22:10:33,237 - cauveris.sandbox.controller - INFO - Changed batching_window_ms from 100 to 50
2026-09-21 22:10:33,320 - cauveris.sandbox.controller - ERROR - Simulation failed: Traceback (most recent call last):
  File "C:\Users\rajit\OneDrive\Desktop\Cauveris-main\Cauveris-main\sandbox_workspace\exp-h1_batching_window\simulate.py", line 5, in <module>
    import yaml
ModuleNotFoundError: No module named 'yaml'

2026-09-21 22:10:33,321 - cauveris.sandbox.controller - INFO - Completed experiment exp-h1_batching_window
2026-09-21 22:10:33,321 - cauveris.sandbox.controller - INFO - Starting experiment exp-h2_qos_stale_messages
2026-09-21 22:10:33,324 - cauveris.sandbox.controller - INFO - Applying intervention for h2_qos_stale_messages: Adjust ROS 2 QoS settings for object_detections topic to reduce depth and disable stale message retention
2026-09-21 22:10:33,325 - cauveris.sandbox.controller - INFO - Adjusted batching_window_ms for QoS: 100 -> 80
2026-09-21 22:10:33,383 - cauveris.sandbox.controller - ERROR - Simulation failed: Traceback (most recent call last):
  File "C:\Users\rajit\OneDrive\Desktop\Cauveris-main\Cauveris-main\sandbox_workspace\exp-h2_qos_stale_messages\simulate.py", line 5, in <module>
    import yaml
ModuleNotFoundError: No module named 'yaml'

2026-09-21 22:10:33,383 - cauveris.sandbox.controller - INFO - Completed experiment exp-h2_qos_stale_messages
2026-09-21 22:10:33,383 - cauveris.sandbox.controller - INFO - Starting experiment exp-h3_clock_skew
2026-09-21 22:10:33,387 - cauveris.sandbox.controller - INFO - Applying intervention for h3_clock_skew: Implement or improve NTP synchronization between inference service hosts and robot fleet to maintain clock sync within 5ms
2026-09-21 22:10:33,388 - cauveris.sandbox.controller - INFO - Adjusted batching_window_ms for clock sync: 100 -> 90
2026-09-21 22:10:33,446 - cauveris.sandbox.controller - ERROR - Simulation failed: Traceback (most recent call last):
  File "C:\Users\rajit\OneDrive\Desktop\Cauveris-main\Cauveris-main\sandbox_workspace\exp-h3_clock_skew\simulate.py", line 5, in <module>
    import yaml
ModuleNotFoundError: No module named 'yaml'

2026-09-21 22:10:33,447 - cauveris.sandbox.controller - INFO - Completed experiment exp-h3_clock_skew
2026-09-21 22:10:33,447 - cauveris.sandbox.controller - INFO - Starting experiment exp-h4_gpu_load_throttling
2026-09-21 22:10:33,449 - cauveris.sandbox.controller - INFO - Applying intervention for h4_gpu_load_throttling: Implement GPU workload management to prevent throttling during peak loads, including power limit adjustments and better cooling
2026-09-21 22:10:33,450 - cauveris.sandbox.controller - INFO - Reduced batching_window_ms for GPU load: 100 -> 70
2026-09-21 22:10:33,508 - cauveris.sandbox.controller - ERROR - Simulation failed: Traceback (most recent call last):
  File "C:\Users\rajit\OneDrive\Desktop\Cauveris-main\Cauveris-main\sandbox_workspace\exp-h4_gpu_load_throttling\simulate.py", line 5, in <module>
    import yaml
ModuleNotFoundError: No module named 'yaml'

2026-09-21 22:10:33,509 - cauveris.sandbox.controller - INFO - Completed experiment exp-h4_gpu_load_throttling
2026-09-21 22:10:33,509 - cauveris.state_machine.orchestrator - INFO - Transitioning to RUNNING_BRANCHES: 
2026-09-21 22:10:33,509 - cauveris.api.main - INFO - Incident a26f011b-1bb9-4298-b825-6bd87ce280ee progress: RUNNING_BRANCHES 50.0%
2026-09-21 22:10:33,509 - cauveris.simulation.runner - INFO - Running simulations for 4 experiments
2026-09-21 22:10:33,509 - cauveris.simulation.runner - INFO - Starting simulation for experiment exp-h1_batching_window
2026-09-21 22:10:33,509 - cauveris.simulation.runner - INFO - Completed simulation for experiment exp-h1_batching_window: 8/20 reproductions (40.0%)
2026-09-21 22:10:33,509 - cauveris.simulation.runner - INFO - Starting simulation for experiment exp-h2_qos_stale_messages
2026-09-21 22:10:33,509 - cauveris.simulation.runner - INFO - Completed simulation for experiment exp-h2_qos_stale_messages: 20/20 reproductions (100.0%)
2026-09-21 22:10:33,509 - cauveris.simulation.runner - INFO - Starting simulation for experiment exp-h3_clock_skew
2026-09-21 22:10:33,509 - cauveris.simulation.runner - INFO - Completed simulation for experiment exp-h3_clock_skew: 20/20 reproductions (100.0%)
2026-09-21 22:10:33,509 - cauveris.simulation.runner - INFO - Starting simulation for experiment exp-h4_gpu_load_throttling
2026-09-21 22:10:33,509 - cauveris.simulation.runner - INFO - Completed simulation for experiment exp-h4_gpu_load_throttling: 20/20 reproductions (100.0%)
2026-09-21 22:10:33,509 - cauveris.state_machine.orchestrator - INFO - Transitioning to SCORING: 
2026-09-21 22:10:33,509 - cauveris.api.main - INFO - Incident a26f011b-1bb9-4298-b825-6bd87ce280ee progress: SCORING 60.0%
2026-09-21 22:10:33,509 - cauveris.patch.generator - INFO - Generating patches from 4 experiments
2026-09-21 22:10:33,509 - cauveris.patch.generator - INFO - Found 0 completed experiments
2026-09-21 22:10:33,509 - cauveris.patch.generator - INFO - Generated 0 patch candidates
2026-09-21 22:10:33,509 - cauveris.state_machine.orchestrator - INFO - Transitioning to PATCH_FORGE: 
2026-09-21 22:10:33,509 - cauveris.api.main - INFO - Incident a26f011b-1bb9-4298-b825-6bd87ce280ee progress: PATCH_FORGE 70.0%
2026-09-21 22:10:33,509 - cauveris.verifier.engine - INFO - Verifying 0 patch candidates
2026-09-21 22:10:33,510 - cauveris.state_machine.orchestrator - INFO - Transitioning to VERIFYING: 
2026-09-21 22:10:33,510 - cauveris.api.main - INFO - Incident a26f011b-1bb9-4298-b825-6bd87ce280ee progress: VERIFYING 80.0%
2026-09-21 22:10:33,510 - cauveris.report.generator - INFO - Generating report for incident a26f011b-1bb9-4298-b825-6bd87ce280ee
2026-09-21 22:10:33,511 - cauveris.report.generator - INFO - Report generated at report\a26f011b-1bb9-4298-b825-6bd87ce280ee
2026-09-21 22:10:33,511 - cauveris.state_machine.orchestrator - INFO - Transitioning to AWAITING_REVIEW: 
2026-09-21 22:10:33,511 - cauveris.api.main - INFO - Incident a26f011b-1bb9-4298-b825-6bd87ce280ee progress: AWAITING_REVIEW 90.0%
2026-09-21 22:10:33,511 - cauveris.state_machine.orchestrator - INFO - Transitioning to COMPLETED: 
2026-09-21 22:10:33,511 - cauveris.api.main - INFO - Incident a26f011b-1bb9-4298-b825-6bd87ce280ee progress: COMPLETED 100.0%
2026-09-21 22:10:33,511 - cauveris.api.main - INFO - Pipeline completed for incident a26f011b-1bb9-4298-b825-6bd87ce280ee
2026-09-21 22:30:16,679 - cauveris.main - INFO - Starting Cauveris backend
2026-09-21 22:33:14,481 - cauveris.main - INFO - Starting Cauveris backend
2026-09-21 22:35:33,337 - cauveris.datasets.golden_incident - INFO - Generating golden CAU-0001 incident
2026-09-21 22:35:33,367 - cauveris.datasets.golden_incident - WARNING - Expected evidence file not found: incident-CAU-0001\README.md
2026-09-21 22:35:33,367 - cauveris.datasets.golden_incident - INFO - Generated incident 02631be4-8261-4433-9618-f4b1b5406cba with 14 evidence items
2026-09-21 22:35:33,367 - cauveris.api.main - INFO - Created golden incident 02631be4-8261-4433-9618-f4b1b5406cba
2026-09-21 22:35:37,071 - cauveris.state_machine.orchestrator - INFO - Transitioning to RECEIVED: 
2026-09-21 22:35:37,071 - cauveris.api.main - INFO - Incident 02631be4-8261-4433-9618-f4b1b5406cba progress: RECEIVED 0.0%
2026-09-21 22:35:37,071 - cauveris.ingestion.controller - INFO - Processing incident: 02631be4-8261-4433-9618-f4b1b5406cba
2026-09-21 22:35:37,073 - cauveris.ingestion.controller - INFO - Ingestion complete for incident 02631be4-8261-4433-9618-f4b1b5406cba
2026-09-21 22:35:37,074 - cauveris.state_machine.orchestrator - INFO - Transitioning to VALIDATING: 
2026-09-21 22:35:37,074 - cauveris.api.main - INFO - Incident 02631be4-8261-4433-9618-f4b1b5406cba progress: VALIDATING 10.0%
2026-09-21 22:35:37,074 - cauveris.timeline.builder - INFO - Building timeline for incident 02631be4-8261-4433-9618-f4b1b5406cba
2026-09-21 22:35:37,077 - cauveris.timeline.builder - INFO - Built timeline with 24 events
2026-09-21 22:35:37,077 - cauveris.state_machine.orchestrator - INFO - Transitioning to NORMALIZING: 
2026-09-21 22:35:37,077 - cauveris.api.main - INFO - Incident 02631be4-8261-4433-9618-f4b1b5406cba progress: NORMALIZING 20.0%
2026-09-21 22:35:37,077 - cauveris.hypothesis.generator - INFO - Generating hypotheses for incident 02631be4-8261-4433-9618-f4b1b5406cba
2026-09-21 22:35:37,080 - cauveris.hypothesis.generator - INFO - Generated 4 hypotheses for incident 02631be4-8261-4433-9618-f4b1b5406cba
2026-09-21 22:35:37,080 - cauveris.state_machine.orchestrator - INFO - Transitioning to HYPOTHESIZING: 
2026-09-21 22:35:37,080 - cauveris.api.main - INFO - Incident 02631be4-8261-4433-9618-f4b1b5406cba progress: HYPOTHESIZING 30.0%
2026-09-21 22:35:37,080 - cauveris.sandbox.controller - INFO - Planning experiments for 4 hypotheses
2026-09-21 22:35:37,080 - cauveris.state_machine.orchestrator - INFO - Transitioning to PLANNING: 
2026-09-21 22:35:37,080 - cauveris.api.main - INFO - Incident 02631be4-8261-4433-9618-f4b1b5406cba progress: PLANNING 40.0%
2026-09-21 22:35:37,080 - cauveris.sandbox.controller - INFO - Running 4 experiments
2026-09-21 22:35:37,080 - cauveris.sandbox.controller - INFO - Starting experiment exp-h1_batching_window
2026-09-21 22:35:37,093 - cauveris.sandbox.controller - INFO - Applying intervention for h1_batching_window: Reduce dynamic batching window from 200ms to 100ms
2026-09-21 22:35:37,095 - cauveris.sandbox.controller - INFO - Changed batching_window_ms from 100 to 50
2026-09-21 22:35:37,175 - cauveris.sandbox.controller - ERROR - Simulation failed: Traceback (most recent call last):
  File "C:\Users\rajit\OneDrive\Desktop\Cauveris-main\Cauveris-main\sandbox_workspace\exp-h1_batching_window\simulate.py", line 5, in <module>
    import yaml
ModuleNotFoundError: No module named 'yaml'

2026-09-21 22:35:37,176 - cauveris.sandbox.controller - INFO - Completed experiment exp-h1_batching_window
2026-09-21 22:35:37,176 - cauveris.sandbox.controller - INFO - Starting experiment exp-h2_qos_stale_messages
2026-09-21 22:35:37,180 - cauveris.sandbox.controller - INFO - Applying intervention for h2_qos_stale_messages: Adjust ROS 2 QoS settings for object_detections topic to reduce depth and disable stale message retention
2026-09-21 22:35:37,181 - cauveris.sandbox.controller - INFO - Adjusted batching_window_ms for QoS: 100 -> 80
2026-09-21 22:35:37,242 - cauveris.sandbox.controller - ERROR - Simulation failed: Traceback (most recent call last):
  File "C:\Users\rajit\OneDrive\Desktop\Cauveris-main\Cauveris-main\sandbox_workspace\exp-h2_qos_stale_messages\simulate.py", line 5, in <module>
    import yaml
ModuleNotFoundError: No module named 'yaml'

2026-09-21 22:35:37,243 - cauveris.sandbox.controller - INFO - Completed experiment exp-h2_qos_stale_messages
2026-09-21 22:35:37,243 - cauveris.sandbox.controller - INFO - Starting experiment exp-h3_clock_skew
2026-09-21 22:35:37,247 - cauveris.sandbox.controller - INFO - Applying intervention for h3_clock_skew: Implement or improve NTP synchronization between inference service hosts and robot fleet to maintain clock sync within 5ms
2026-09-21 22:35:37,250 - cauveris.sandbox.controller - INFO - Adjusted batching_window_ms for clock sync: 100 -> 90
2026-09-21 22:35:37,317 - cauveris.sandbox.controller - ERROR - Simulation failed: Traceback (most recent call last):
  File "C:\Users\rajit\OneDrive\Desktop\Cauveris-main\Cauveris-main\sandbox_workspace\exp-h3_clock_skew\simulate.py", line 5, in <module>
    import yaml
ModuleNotFoundError: No module named 'yaml'

2026-09-21 22:35:37,317 - cauveris.sandbox.controller - INFO - Completed experiment exp-h3_clock_skew
2026-09-21 22:35:37,318 - cauveris.sandbox.controller - INFO - Starting experiment exp-h4_gpu_load_throttling
2026-09-21 22:35:37,321 - cauveris.sandbox.controller - INFO - Applying intervention for h4_gpu_load_throttling: Implement GPU workload management to prevent throttling during peak loads, including power limit adjustments and better cooling
2026-09-21 22:35:37,322 - cauveris.sandbox.controller - INFO - Reduced batching_window_ms for GPU load: 100 -> 70
2026-09-21 22:35:37,387 - cauveris.sandbox.controller - ERROR - Simulation failed: Traceback (most recent call last):
  File "C:\Users\rajit\OneDrive\Desktop\Cauveris-main\Cauveris-main\sandbox_workspace\exp-h4_gpu_load_throttling\simulate.py", line 5, in <module>
    import yaml
ModuleNotFoundError: No module named 'yaml'

2026-09-21 22:35:37,388 - cauveris.sandbox.controller - INFO - Completed experiment exp-h4_gpu_load_throttling
2026-09-21 22:35:37,388 - cauveris.state_machine.orchestrator - INFO - Transitioning to RUNNING_BRANCHES: 
2026-09-21 22:35:37,388 - cauveris.api.main - INFO - Incident 02631be4-8261-4433-9618-f4b1b5406cba progress: RUNNING_BRANCHES 50.0%
2026-09-21 22:35:37,388 - cauveris.state_machine.orchestrator - INFO - Transitioning to SCORING: 
2026-09-21 22:35:37,388 - cauveris.api.main - INFO - Incident 02631be4-8261-4433-9618-f4b1b5406cba progress: SCORING 60.0%
2026-09-21 22:35:37,388 - cauveris.patch.generator - INFO - Generating patches from 4 experiments
2026-09-21 22:35:37,388 - cauveris.patch.generator - INFO - Found 4 completed experiments
2026-09-21 22:35:37,388 - cauveris.patch.generator - INFO - Generated patch patch-exp-h1_batching_window from experiment exp-h1_batching_window
2026-09-21 22:35:37,388 - cauveris.patch.generator - INFO - Generated patch patch-exp-h2_qos_stale_messages from experiment exp-h2_qos_stale_messages
2026-09-21 22:35:37,389 - cauveris.patch.generator - INFO - Generated patch patch-exp-h3_clock_skew from experiment exp-h3_clock_skew
2026-09-21 22:35:37,389 - cauveris.patch.generator - INFO - Generated patch patch-exp-h4_gpu_load_throttling from experiment exp-h4_gpu_load_throttling
2026-09-21 22:35:37,389 - cauveris.patch.generator - INFO - Generated 4 patch candidates
2026-09-21 22:35:37,389 - cauveris.state_machine.orchestrator - INFO - Transitioning to PATCH_FORGE: 
2026-09-21 22:35:37,389 - cauveris.api.main - INFO - Incident 02631be4-8261-4433-9618-f4b1b5406cba progress: PATCH_FORGE 70.0%
2026-09-21 22:35:37,389 - cauveris.verifier.engine - INFO - Verifying 4 patch candidates
2026-09-21 22:35:37,389 - cauveris.verifier.engine - INFO - Verifying patch patch-exp-h1_batching_window
2026-09-21 22:35:37,393 - cauveris.verifier.engine - INFO - Applying patch patch-exp-h1_batching_window
2026-09-21 22:35:37,409 - cauveris.verifier.engine - INFO - Set batching_window_ms to 200 in verification_workspace\patch-exp-h1_batching_window\src\config\inference.yaml
2026-09-21 22:35:37,786 - cauveris.verifier.engine - INFO - Verification complete for patch patch-exp-h1_batching_window: VERIFIED=False
2026-09-21 22:35:37,787 - cauveris.verifier.engine - INFO - Verifying patch patch-exp-h2_qos_stale_messages
2026-09-21 22:35:37,790 - cauveris.verifier.engine - INFO - Applying patch patch-exp-h2_qos_stale_messages
2026-09-21 22:35:37,959 - cauveris.verifier.engine - INFO - Verification complete for patch patch-exp-h2_qos_stale_messages: VERIFIED=False
2026-09-21 22:35:37,959 - cauveris.verifier.engine - INFO - Verifying patch patch-exp-h3_clock_skew
2026-09-21 22:35:37,962 - cauveris.verifier.engine - INFO - Applying patch patch-exp-h3_clock_skew
2026-09-21 22:35:38,146 - cauveris.verifier.engine - INFO - Verification complete for patch patch-exp-h3_clock_skew: VERIFIED=False
2026-09-21 22:35:38,146 - cauveris.verifier.engine - INFO - Verifying patch patch-exp-h4_gpu_load_throttling
2026-09-21 22:35:38,152 - cauveris.verifier.engine - INFO - Applying patch patch-exp-h4_gpu_load_throttling
2026-09-21 22:35:38,332 - cauveris.verifier.engine - INFO - Verification complete for patch patch-exp-h4_gpu_load_throttling: VERIFIED=False
2026-09-21 22:35:38,332 - cauveris.state_machine.orchestrator - INFO - Transitioning to VERIFYING: 
2026-09-21 22:35:38,332 - cauveris.api.main - INFO - Incident 02631be4-8261-4433-9618-f4b1b5406cba progress: VERIFYING 80.0%
2026-09-21 22:35:38,332 - cauveris.report.generator - INFO - Generating report for incident 02631be4-8261-4433-9618-f4b1b5406cba
2026-09-21 22:35:38,334 - cauveris.report.generator - INFO - Report generated at report\02631be4-8261-4433-9618-f4b1b5406cba
2026-09-21 22:35:38,334 - cauveris.state_machine.orchestrator - INFO - Transitioning to AWAITING_REVIEW: 
2026-09-21 22:35:38,334 - cauveris.api.main - INFO - Incident 02631be4-8261-4433-9618-f4b1b5406cba progress: AWAITING_REVIEW 90.0%
2026-09-21 22:35:38,334 - cauveris.state_machine.orchestrator - INFO - Transitioning to COMPLETED: 
2026-09-21 22:35:38,334 - cauveris.api.main - INFO - Incident 02631be4-8261-4433-9618-f4b1b5406cba progress: COMPLETED 100.0%
2026-09-21 22:35:38,334 - cauveris.api.main - INFO - Pipeline completed for incident 02631be4-8261-4433-9618-f4b1b5406cba
2026-09-27 01:31:44,129 - cauveris.main - INFO - Starting Cauveris backend
2026-09-27 01:31:44,129 - cauveris.main - INFO - Loading golden incident on startup...
2026-09-27 01:31:44,554 - cauveris.datasets.golden_incident - INFO - Generating golden CAU-0001 incident at incident-CAU-0001
2026-09-27 01:31:44,672 - cauveris.datasets.golden_incident - INFO - Generated incident CAU-0001 with 18 evidence items
2026-09-27 01:31:44,672 - cauveris.main - INFO - Loaded golden incident CAU-0001
2026-09-27 01:32:13,838 - cauveris.datasets.golden_incident - INFO - Generating golden CAU-0001 incident at incident-CAU-0001
2026-09-27 01:32:13,880 - cauveris.datasets.golden_incident - INFO - Generated incident CAU-0001 with 18 evidence items
2026-09-27 01:32:13,880 - cauveris.api.main - INFO - Created golden incident CAU-0001
2026-09-27 01:32:14,894 - cauveris.datasets.golden_incident - INFO - Generating golden CAU-0001 incident at incident-CAU-0001
2026-09-27 01:32:14,930 - cauveris.datasets.golden_incident - INFO - Generated incident CAU-0001 with 18 evidence items
2026-09-27 01:32:14,930 - cauveris.api.main - INFO - Created golden incident CAU-0001
2026-09-27 01:32:16,419 - cauveris.api.main - INFO - Created empty incident 6a35f1ee-5317-4dde-ba72-ccd16c30afbe
2026-09-27 01:32:17,024 - cauveris.api.main - INFO - Created empty incident bbf6479d-5f35-410f-90e2-afc0218cdbdc
2026-09-27 01:32:17,258 - cauveris.api.main - INFO - Created empty incident 8654f1ad-67ac-49fe-9ca0-5b05a6d06369
2026-09-27 01:32:17,425 - cauveris.api.main - INFO - Created empty incident 2f481db9-1ca3-451f-9d14-2baa3850bc22
2026-09-27 01:32:17,599 - cauveris.api.main - INFO - Created empty incident 6089c13f-d81b-418a-84b0-52d251a07277
2026-09-27 01:32:17,757 - cauveris.api.main - INFO - Created empty incident 1ad9b076-53ea-4221-b1b0-ae04ce547766
2026-09-27 01:32:21,662 - cauveris.ingestion.controller - INFO - Processing incident ingestion: CAU-0001
2026-09-27 01:32:21,663 - cauveris.ingestion.controller - INFO - Using bundle path: incident-CAU-0001
2026-09-27 01:32:21,759 - cauveris.ingestion.controller - INFO - Ingestion complete for incident CAU-0001 (total=18, required=14)
2026-09-27 01:32:22,381 - cauveris.ingestion.controller - INFO - Processing incident ingestion: CAU-0001
2026-09-27 01:32:22,381 - cauveris.ingestion.controller - INFO - Using bundle path: incident-CAU-0001
2026-09-27 01:32:22,393 - cauveris.ingestion.controller - INFO - Ingestion complete for incident CAU-0001 (total=18, required=14)
2026-09-27 22:50:01,033 - cauveris.main - INFO - Starting Cauveris backend
2026-09-27 22:50:01,034 - cauveris.main - INFO - Loading golden incident on startup...
2026-09-27 22:50:01,462 - cauveris.datasets.golden_incident - INFO - Generating golden CAU-0001 incident at incident-CAU-0001
2026-09-27 22:50:01,623 - cauveris.datasets.golden_incident - INFO - Generated incident CAU-0001 with 18 evidence items
2026-09-27 22:50:01,623 - cauveris.main - INFO - Loaded golden incident CAU-0001
2026-09-27 22:50:56,148 - cauveris.api.main - INFO - Created empty incident fff401d7-daf6-4d2e-b9cd-10d19f4461ba
2026-09-27 22:51:07,376 - cauveris.datasets.golden_incident - INFO - Generating golden CAU-0001 incident at incident-CAU-0001
2026-09-27 22:51:07,465 - cauveris.datasets.golden_incident - INFO - Generated incident CAU-0001 with 18 evidence items
2026-09-27 22:51:07,466 - cauveris.api.main - INFO - Created golden incident CAU-0001
2026-09-27 22:52:43,194 - cauveris.state_machine.orchestrator - INFO - Transitioning to RECEIVED: 
2026-09-27 22:52:43,231 - cauveris.api.main - INFO - Incident CAU-0001 progress: RECEIVED 0.0%
2026-09-27 22:52:43,297 - cauveris.ingestion.controller - INFO - Processing incident ingestion: CAU-0001
2026-09-27 22:52:43,770 - cauveris.ingestion.controller - INFO - Using bundle path: incident-CAU-0001
2026-09-27 22:52:44,157 - cauveris.ingestion.controller - INFO - Ingestion complete for incident CAU-0001 (total=18, required=14)
2026-09-27 22:52:44,159 - cauveris.state_machine.orchestrator - INFO - Transitioning to VALIDATING: 
2026-09-27 22:52:44,161 - cauveris.api.main - INFO - Incident CAU-0001 progress: VALIDATING 10.0%
2026-09-27 22:52:44,161 - cauveris.timeline.builder - INFO - Building timeline for incident CAU-0001
2026-09-27 22:52:44,170 - cauveris.timeline.builder - INFO - Built timeline with 61 synchronized events
2026-09-27 22:52:44,171 - cauveris.state_machine.orchestrator - INFO - Transitioning to NORMALIZING: 
2026-09-27 22:52:44,173 - cauveris.api.main - INFO - Incident CAU-0001 progress: NORMALIZING 20.0%
2026-09-27 22:52:44,180 - cauveris.state_machine.orchestrator - INFO - Transitioning to TEMPORAL_ANALYSIS: 
2026-09-27 22:52:44,180 - cauveris.api.main - INFO - Incident CAU-0001 progress: TEMPORAL_ANALYSIS 25.0%
2026-09-27 22:52:44,181 - cauveris.hypothesis.generator - INFO - Generating hypotheses for incident CAU-0001
2026-09-27 22:52:44,287 - cauveris.hypothesis.generator - INFO - Generated 4 hypotheses for incident CAU-0001
2026-09-27 22:52:44,287 - cauveris.state_machine.orchestrator - INFO - Transitioning to HYPOTHESIZING: 
2026-09-27 22:52:44,288 - cauveris.api.main - INFO - Incident CAU-0001 progress: HYPOTHESIZING 30.0%
2026-09-27 22:52:44,288 - cauveris.sandbox.controller - INFO - Planning experiments for 4 hypotheses
2026-09-27 22:52:44,289 - cauveris.state_machine.orchestrator - INFO - Transitioning to PLANNING: 
2026-09-27 22:52:44,289 - cauveris.api.main - INFO - Incident CAU-0001 progress: PLANNING 40.0%
2026-09-27 22:52:44,289 - cauveris.sandbox.controller - INFO - Setting up sandboxes and applying interventions for 4 experiments
2026-09-27 22:52:44,289 - cauveris.sandbox.controller - INFO - Setting up branch sandbox for exp-h1_batching_window
2026-09-27 22:52:44,294 - cauveris.sandbox.controller - INFO - [exp-h1_batching_window] Applied H1 intervention: batching_window_ms set to 100
2026-09-27 22:52:44,297 - cauveris.sandbox.controller - INFO - Sandbox ready for exp-h1_batching_window
2026-09-27 22:52:44,297 - cauveris.sandbox.controller - INFO - Setting up branch sandbox for exp-h2_qos_stale_messages
2026-09-27 22:52:44,301 - cauveris.sandbox.controller - INFO - [exp-h2_qos_stale_messages] Applied H2 intervention: QoS depth set to 1
2026-09-27 22:52:44,305 - cauveris.sandbox.controller - INFO - Sandbox ready for exp-h2_qos_stale_messages
2026-09-27 22:52:44,305 - cauveris.sandbox.controller - INFO - Setting up branch sandbox for exp-h3_clock_skew
2026-09-27 22:52:44,309 - cauveris.sandbox.controller - INFO - [exp-h3_clock_skew] Applied H3 intervention: clock skew tolerance added
2026-09-27 22:52:44,312 - cauveris.sandbox.controller - INFO - Sandbox ready for exp-h3_clock_skew
2026-09-27 22:52:44,312 - cauveris.sandbox.controller - INFO - Setting up branch sandbox for exp-h4_gpu_load_throttling
2026-09-27 22:52:44,316 - cauveris.sandbox.controller - INFO - [exp-h4_gpu_load_throttling] Applied H4 intervention: max batch size set to 4
2026-09-27 22:52:44,320 - cauveris.sandbox.controller - INFO - Sandbox ready for exp-h4_gpu_load_throttling
2026-09-27 22:52:44,320 - cauveris.state_machine.orchestrator - INFO - Transitioning to RUNNING_BRANCHES: 
2026-09-27 22:52:44,320 - cauveris.api.main - INFO - Incident CAU-0001 progress: RUNNING_BRANCHES 50.0%
2026-09-27 22:52:44,321 - cauveris.simulation.runner - INFO - Running digital twin simulations for 4 experiments
2026-09-27 22:52:44,321 - cauveris.simulation.runner - INFO - Starting digital twin simulation for exp-h1_batching_window
2026-09-27 22:52:44,324 - cauveris.simulation.runner - INFO - Simulation completed for exp-h1_batching_window: 0/20 failures (0.0%)
2026-09-27 22:52:44,325 - cauveris.simulation.runner - INFO - Starting digital twin simulation for exp-h2_qos_stale_messages
2026-09-27 22:52:44,328 - cauveris.simulation.runner - INFO - Simulation completed for exp-h2_qos_stale_messages: 20/20 failures (100.0%)
2026-09-27 22:52:44,329 - cauveris.simulation.runner - INFO - Starting digital twin simulation for exp-h3_clock_skew
2026-09-27 22:52:44,332 - cauveris.simulation.runner - INFO - Simulation completed for exp-h3_clock_skew: 20/20 failures (100.0%)
2026-09-27 22:52:44,333 - cauveris.simulation.runner - INFO - Starting digital twin simulation for exp-h4_gpu_load_throttling
2026-09-27 22:52:44,337 - cauveris.simulation.runner - INFO - Simulation completed for exp-h4_gpu_load_throttling: 20/20 failures (100.0%)
2026-09-27 22:52:44,337 - cauveris.state_machine.orchestrator - INFO - Transitioning to SCORING: 
2026-09-27 22:52:44,337 - cauveris.api.main - INFO - Incident CAU-0001 progress: SCORING 60.0%
2026-09-27 22:52:44,338 - cauveris.patch.generator - INFO - Generating patches from 4 experiments
2026-09-27 22:52:44,338 - cauveris.patch.generator - INFO - Found 4 completed experiments to analyze
2026-09-27 22:52:44,338 - cauveris.patch.generator - INFO - Generated patch patch-exp-h1_batching_window for exp-h1_batching_window (score: 0.97, repro_rate: 0.0%)
2026-09-27 22:52:44,339 - cauveris.patch.generator - INFO - Generated patch patch-exp-h2_qos_stale_messages for exp-h2_qos_stale_messages (score: 0.42, repro_rate: 100.0%)
2026-09-27 22:52:44,339 - cauveris.patch.generator - INFO - Generated patch patch-exp-h3_clock_skew for exp-h3_clock_skew (score: 0.42, repro_rate: 100.0%)
2026-09-27 22:52:44,339 - cauveris.patch.generator - INFO - Generated patch patch-exp-h4_gpu_load_throttling for exp-h4_gpu_load_throttling (score: 0.42, repro_rate: 100.0%)
2026-09-27 22:52:44,339 - cauveris.patch.generator - INFO - Generated 4 patch candidates in total
2026-09-27 22:52:44,339 - cauveris.state_machine.orchestrator - INFO - Transitioning to PATCH_FORGE: 
2026-09-27 22:52:44,340 - cauveris.api.main - INFO - Incident CAU-0001 progress: PATCH_FORGE 70.0%
2026-09-27 22:52:44,340 - cauveris.verifier.engine - INFO - Verifying 4 patch candidates against 9-point checklist
2026-09-27 22:52:44,340 - cauveris.verifier.engine - INFO - Starting verification battery for patch-exp-h1_batching_window
2026-09-27 22:52:44,964 - cauveris.verifier.engine - INFO - Verification complete for patch-exp-h1_batching_window: VERIFIED=True
2026-09-27 22:52:44,964 - cauveris.verifier.engine - INFO - Starting verification battery for patch-exp-h2_qos_stale_messages
2026-09-27 22:52:45,511 - cauveris.verifier.engine - INFO - Verification complete for patch-exp-h2_qos_stale_messages: VERIFIED=False
2026-09-27 22:52:45,512 - cauveris.verifier.engine - INFO - Starting verification battery for patch-exp-h3_clock_skew
2026-09-27 22:52:46,066 - cauveris.verifier.engine - INFO - Verification complete for patch-exp-h3_clock_skew: VERIFIED=False
2026-09-27 22:52:46,066 - cauveris.verifier.engine - INFO - Starting verification battery for patch-exp-h4_gpu_load_throttling
2026-09-27 22:52:46,648 - cauveris.verifier.engine - INFO - Verification complete for patch-exp-h4_gpu_load_throttling: VERIFIED=False
2026-09-27 22:52:46,648 - cauveris.state_machine.orchestrator - INFO - Transitioning to VERIFYING: 
2026-09-27 22:52:46,648 - cauveris.api.main - INFO - Incident CAU-0001 progress: VERIFYING 80.0%
2026-09-27 22:52:46,649 - cauveris.report.generator - INFO - Generating report for incident CAU-0001
2026-09-27 22:52:46,664 - cauveris.report.generator - INFO - Patch package generated at report\CAU-0001\patch-package
2026-09-27 22:52:46,664 - cauveris.report.generator - INFO - Report generated at report\CAU-0001
2026-09-27 22:52:46,665 - cauveris.state_machine.orchestrator - INFO - Transitioning to AWAITING_REVIEW: 
2026-09-27 22:52:46,665 - cauveris.api.main - INFO - Incident CAU-0001 progress: AWAITING_REVIEW 90.0%
2026-09-27 22:52:46,665 - cauveris.state_machine.orchestrator - INFO - Transitioning to COMPLETED: 
2026-09-27 22:52:46,665 - cauveris.api.main - INFO - Incident CAU-0001 progress: COMPLETED 100.0%
2026-09-27 22:52:46,665 - cauveris.api.main - INFO - Pipeline completed successfully for incident CAU-0001
2026-09-28 18:57:21,170 - cauveris.main - INFO - Starting Cauveris backend
2026-09-28 18:57:21,171 - cauveris.main - INFO - Loading golden incident on startup...
2026-09-28 18:57:21,672 - cauveris.datasets.golden_incident - INFO - Generating golden CAU-0001 incident at incident-CAU-0001
2026-09-28 18:57:21,802 - cauveris.datasets.golden_incident - INFO - Generated incident CAU-0001 with 18 evidence items
2026-09-28 18:57:21,802 - cauveris.main - INFO - Loaded golden incident CAU-0001
2026-09-28 22:20:49,778 - cauveris.main - INFO - Starting Cauveris backend
2026-09-28 22:20:49,778 - cauveris.main - INFO - Loading golden incident on startup...
2026-09-28 22:20:50,263 - cauveris.datasets.golden_incident - INFO - Generating golden CAU-0001 incident at incident-CAU-0001
2026-09-28 22:20:50,372 - cauveris.datasets.golden_incident - INFO - Generated incident CAU-0001 with 18 evidence items
2026-09-28 22:20:50,372 - cauveris.main - INFO - Loaded golden incident CAU-0001
2026-09-28 22:21:14,163 - cauveris.datasets.golden_incident - INFO - Generating golden CAU-0001 incident at incident-CAU-0001
2026-09-28 22:21:14,193 - cauveris.datasets.golden_incident - INFO - Generated incident CAU-0001 with 18 evidence items
2026-09-28 22:21:14,193 - cauveris.api.main - INFO - Created golden incident CAU-0001
2026-09-28 22:21:31,961 - cauveris.state_machine.orchestrator - INFO - Transitioning to RECEIVED: 
2026-09-28 22:21:31,961 - cauveris.api.main - INFO - Incident CAU-0001 progress: RECEIVED 0.0%
2026-09-28 22:21:31,961 - cauveris.ingestion.controller - INFO - Processing incident ingestion: CAU-0001
2026-09-28 22:21:31,962 - cauveris.ingestion.controller - INFO - Using bundle path: incident-CAU-0001
2026-09-28 22:21:32,049 - cauveris.ingestion.controller - INFO - Ingestion complete for incident CAU-0001 (total=18, required=14)
2026-09-28 22:21:32,049 - cauveris.state_machine.orchestrator - INFO - Transitioning to VALIDATING: 
2026-09-28 22:21:32,049 - cauveris.api.main - INFO - Incident CAU-0001 progress: VALIDATING 10.0%
2026-09-28 22:21:32,049 - cauveris.timeline.builder - INFO - Building timeline for incident CAU-0001
2026-09-28 22:21:32,056 - cauveris.timeline.builder - INFO - Built timeline with 61 synchronized events
2026-09-28 22:21:32,056 - cauveris.state_machine.orchestrator - INFO - Transitioning to NORMALIZING: 
2026-09-28 22:21:32,056 - cauveris.api.main - INFO - Incident CAU-0001 progress: NORMALIZING 20.0%
2026-09-28 22:21:32,060 - cauveris.state_machine.orchestrator - INFO - Transitioning to TEMPORAL_ANALYSIS: 
2026-09-28 22:21:32,060 - cauveris.api.main - INFO - Incident CAU-0001 progress: TEMPORAL_ANALYSIS 25.0%
2026-09-28 22:21:32,060 - cauveris.hypothesis.generator - INFO - Generating hypotheses for incident CAU-0001
2026-09-28 22:21:32,174 - cauveris.hypothesis.generator - INFO - Generated 4 hypotheses for incident CAU-0001
2026-09-28 22:21:32,174 - cauveris.state_machine.orchestrator - INFO - Transitioning to HYPOTHESIZING: 
2026-09-28 22:21:32,174 - cauveris.api.main - INFO - Incident CAU-0001 progress: HYPOTHESIZING 30.0%
2026-09-28 22:21:32,175 - cauveris.sandbox.controller - INFO - Planning experiments for 4 hypotheses
2026-09-28 22:21:32,175 - cauveris.state_machine.orchestrator - INFO - Transitioning to PLANNING: 
2026-09-28 22:21:32,175 - cauveris.api.main - INFO - Incident CAU-0001 progress: PLANNING 40.0%
2026-09-28 22:21:32,175 - cauveris.sandbox.controller - INFO - Setting up sandboxes and applying interventions for 4 experiments
2026-09-28 22:21:32,175 - cauveris.sandbox.controller - INFO - Setting up branch sandbox for exp-h1_batching_window
2026-09-28 22:21:32,179 - cauveris.sandbox.controller - INFO - [exp-h1_batching_window] Applied H1 intervention: batching_window_ms set to 100
2026-09-28 22:21:32,182 - cauveris.sandbox.controller - INFO - Sandbox ready for exp-h1_batching_window
2026-09-28 22:21:32,182 - cauveris.sandbox.controller - INFO - Setting up branch sandbox for exp-h2_qos_stale_messages
2026-09-28 22:21:32,186 - cauveris.sandbox.controller - INFO - [exp-h2_qos_stale_messages] Applied H2 intervention: QoS depth set to 1
2026-09-28 22:21:32,188 - cauveris.sandbox.controller - INFO - Sandbox ready for exp-h2_qos_stale_messages
2026-09-28 22:21:32,190 - cauveris.sandbox.controller - INFO - Setting up branch sandbox for exp-h3_clock_skew
2026-09-28 22:21:32,192 - cauveris.sandbox.controller - INFO - [exp-h3_clock_skew] Applied H3 intervention: clock skew tolerance added
2026-09-28 22:21:32,194 - cauveris.sandbox.controller - INFO - Sandbox ready for exp-h3_clock_skew
2026-09-28 22:21:32,194 - cauveris.sandbox.controller - INFO - Setting up branch sandbox for exp-h4_gpu_load_throttling
2026-09-28 22:21:32,196 - cauveris.sandbox.controller - INFO - [exp-h4_gpu_load_throttling] Applied H4 intervention: max batch size set to 4
2026-09-28 22:21:32,199 - cauveris.sandbox.controller - INFO - Sandbox ready for exp-h4_gpu_load_throttling
2026-09-28 22:21:32,199 - cauveris.state_machine.orchestrator - INFO - Transitioning to RUNNING_BRANCHES: 
2026-09-28 22:21:32,199 - cauveris.api.main - INFO - Incident CAU-0001 progress: RUNNING_BRANCHES 50.0%
2026-09-28 22:21:32,199 - cauveris.simulation.runner - INFO - Running digital twin simulations for 4 experiments
2026-09-28 22:21:32,200 - cauveris.simulation.runner - INFO - Starting digital twin simulation for exp-h1_batching_window
2026-09-28 22:21:32,203 - cauveris.simulation.runner - INFO - Simulation completed for exp-h1_batching_window: 0/20 failures (0.0%)
2026-09-28 22:21:32,203 - cauveris.simulation.runner - INFO - Starting digital twin simulation for exp-h2_qos_stale_messages
2026-09-28 22:21:32,206 - cauveris.simulation.runner - INFO - Simulation completed for exp-h2_qos_stale_messages: 20/20 failures (100.0%)
2026-09-28 22:21:32,206 - cauveris.simulation.runner - INFO - Starting digital twin simulation for exp-h3_clock_skew
2026-09-28 22:21:32,207 - cauveris.simulation.runner - INFO - Simulation completed for exp-h3_clock_skew: 20/20 failures (100.0%)
2026-09-28 22:21:32,207 - cauveris.simulation.runner - INFO - Starting digital twin simulation for exp-h4_gpu_load_throttling
2026-09-28 22:21:32,208 - cauveris.simulation.runner - INFO - Simulation completed for exp-h4_gpu_load_throttling: 20/20 failures (100.0%)
2026-09-28 22:21:32,209 - cauveris.state_machine.orchestrator - INFO - Transitioning to SCORING: 
2026-09-28 22:21:32,209 - cauveris.api.main - INFO - Incident CAU-0001 progress: SCORING 60.0%
2026-09-28 22:21:32,209 - cauveris.patch.generator - INFO - Generating patches from 4 experiments
2026-09-28 22:21:32,209 - cauveris.patch.generator - INFO - Found 4 completed experiments to analyze
2026-09-28 22:21:32,209 - cauveris.patch.generator - INFO - Generated patch patch-exp-h1_batching_window for exp-h1_batching_window (score: 0.97, repro_rate: 0.0%)
2026-09-28 22:21:32,209 - cauveris.patch.generator - INFO - Generated patch patch-exp-h2_qos_stale_messages for exp-h2_qos_stale_messages (score: 0.42, repro_rate: 100.0%)
2026-09-28 22:21:32,209 - cauveris.patch.generator - INFO - Generated patch patch-exp-h3_clock_skew for exp-h3_clock_skew (score: 0.42, repro_rate: 100.0%)
2026-09-28 22:21:32,209 - cauveris.patch.generator - INFO - Generated patch patch-exp-h4_gpu_load_throttling for exp-h4_gpu_load_throttling (score: 0.42, repro_rate: 100.0%)
2026-09-28 22:21:32,209 - cauveris.patch.generator - INFO - Generated 4 patch candidates in total
2026-09-28 22:21:32,209 - cauveris.state_machine.orchestrator - INFO - Transitioning to PATCH_FORGE: 
2026-09-28 22:21:32,209 - cauveris.api.main - INFO - Incident CAU-0001 progress: PATCH_FORGE 70.0%
2026-09-28 22:21:32,209 - cauveris.verifier.engine - INFO - Verifying 4 patch candidates against 9-point checklist
2026-09-28 22:21:32,209 - cauveris.verifier.engine - INFO - Starting verification battery for patch-exp-h1_batching_window
2026-09-28 22:21:32,700 - cauveris.verifier.engine - INFO - Verification complete for patch-exp-h1_batching_window: VERIFIED=True
2026-09-28 22:21:32,701 - cauveris.verifier.engine - INFO - Starting verification battery for patch-exp-h2_qos_stale_messages
2026-09-28 22:21:33,163 - cauveris.verifier.engine - INFO - Verification complete for patch-exp-h2_qos_stale_messages: VERIFIED=False
2026-09-28 22:21:33,163 - cauveris.verifier.engine - INFO - Starting verification battery for patch-exp-h3_clock_skew
2026-09-28 22:21:33,637 - cauveris.verifier.engine - INFO - Verification complete for patch-exp-h3_clock_skew: VERIFIED=False
2026-09-28 22:21:33,637 - cauveris.verifier.engine - INFO - Starting verification battery for patch-exp-h4_gpu_load_throttling
2026-09-28 22:21:34,097 - cauveris.verifier.engine - INFO - Verification complete for patch-exp-h4_gpu_load_throttling: VERIFIED=False
2026-09-28 22:21:34,097 - cauveris.state_machine.orchestrator - INFO - Transitioning to VERIFYING: 
2026-09-28 22:21:34,097 - cauveris.api.main - INFO - Incident CAU-0001 progress: VERIFYING 80.0%
2026-09-28 22:21:34,097 - cauveris.report.generator - INFO - Generating report for incident CAU-0001
2026-09-28 22:21:34,112 - cauveris.report.generator - INFO - Patch package generated at report\CAU-0001\patch-package
2026-09-28 22:21:34,112 - cauveris.report.generator - INFO - Report generated at report\CAU-0001
2026-09-28 22:21:34,112 - cauveris.state_machine.orchestrator - INFO - Transitioning to AWAITING_REVIEW: 
2026-09-28 22:21:34,112 - cauveris.api.main - INFO - Incident CAU-0001 progress: AWAITING_REVIEW 90.0%
2026-09-28 22:21:34,112 - cauveris.state_machine.orchestrator - INFO - Transitioning to COMPLETED: 
2026-09-28 22:21:34,112 - cauveris.api.main - INFO - Incident CAU-0001 progress: COMPLETED 100.0%
2026-09-28 22:21:34,113 - cauveris.api.main - INFO - Pipeline completed successfully for incident CAU-0001
2026-09-28 22:53:08,846 - cauveris.main - INFO - Starting Cauveris backend
2026-09-28 22:53:08,846 - cauveris.main - INFO - Loading golden incident on startup...
2026-09-28 22:53:09,058 - cauveris.datasets.golden_incident - INFO - Generating golden CAU-0001 incident at incident-CAU-0001
2026-09-28 22:53:09,082 - cauveris.datasets.golden_incident - INFO - Generated incident CAU-0001 with 18 evidence items
2026-09-28 22:53:09,088 - cauveris.api.main - INFO - Hydrated full pipeline context for CAU-0001 from report
2026-09-28 22:53:09,113 - cauveris.datasets.golden_incident - INFO - Generating golden CAU-0001 incident at incident-CAU-0001
2026-09-28 22:53:09,131 - cauveris.datasets.golden_incident - INFO - Generated incident CAU-0001 with 18 evidence items
2026-09-28 22:53:09,132 - cauveris.main - INFO - Loaded golden incident CAU-0001
2026-09-28 22:54:40,393 - cauveris.sandbox.controller - INFO - Planning experiments for 1 hypotheses
2026-09-28 22:54:40,393 - cauveris.sandbox.controller - INFO - Setting up sandboxes and applying interventions for 1 experiments
2026-09-28 22:54:40,393 - cauveris.sandbox.controller - INFO - Setting up branch sandbox for exp-h1_batching_window
2026-09-28 22:54:40,396 - cauveris.sandbox.controller - INFO - [exp-h1_batching_window] Applied H1 intervention: batching_window_ms set to 100
2026-09-28 22:54:40,399 - cauveris.sandbox.controller - INFO - Sandbox ready for exp-h1_batching_window
2026-09-28 22:54:40,399 - cauveris.simulation.runner - INFO - Running digital twin simulations for 1 experiments
2026-09-28 22:54:40,399 - cauveris.simulation.runner - INFO - Starting digital twin simulation for exp-h1_batching_window
2026-09-28 22:54:40,407 - cauveris.simulation.runner - INFO - Simulation completed for exp-h1_batching_window: 0/20 failures (0.0%)
2026-09-28 22:54:42,263 - cauveris.sandbox.controller - INFO - Planning experiments for 1 hypotheses
2026-09-28 22:54:42,263 - cauveris.sandbox.controller - INFO - Setting up sandboxes and applying interventions for 1 experiments
2026-09-28 22:54:42,263 - cauveris.sandbox.controller - INFO - Setting up branch sandbox for exp-h1_batching_window
2026-09-28 22:54:42,266 - cauveris.sandbox.controller - INFO - [exp-h1_batching_window] Applied H1 intervention: batching_window_ms set to 100
2026-09-28 22:54:42,268 - cauveris.sandbox.controller - INFO - Sandbox ready for exp-h1_batching_window
2026-09-28 22:54:42,268 - cauveris.simulation.runner - INFO - Running digital twin simulations for 1 experiments
2026-09-28 22:54:42,268 - cauveris.simulation.runner - INFO - Starting digital twin simulation for exp-h1_batching_window
2026-09-28 22:54:42,278 - cauveris.simulation.runner - INFO - Simulation completed for exp-h1_batching_window: 0/20 failures (0.0%)
2026-09-28 22:54:46,490 - cauveris.sandbox.controller - INFO - Planning experiments for 1 hypotheses
2026-09-28 22:54:46,491 - cauveris.sandbox.controller - INFO - Setting up sandboxes and applying interventions for 1 experiments
2026-09-28 22:54:46,491 - cauveris.sandbox.controller - INFO - Setting up branch sandbox for exp-h2_qos_stale_messages
2026-09-28 22:54:46,494 - cauveris.sandbox.controller - INFO - [exp-h2_qos_stale_messages] Applied H2 intervention: QoS depth set to 1
2026-09-28 22:54:46,496 - cauveris.sandbox.controller - INFO - Sandbox ready for exp-h2_qos_stale_messages
2026-09-28 22:54:46,496 - cauveris.simulation.runner - INFO - Running digital twin simulations for 1 experiments
2026-09-28 22:54:46,496 - cauveris.simulation.runner - INFO - Starting digital twin simulation for exp-h2_qos_stale_messages
2026-09-28 22:54:46,505 - cauveris.simulation.runner - INFO - Simulation completed for exp-h2_qos_stale_messages: 20/20 failures (100.0%)
2026-09-28 22:54:48,854 - cauveris.sandbox.controller - INFO - Planning experiments for 1 hypotheses
2026-09-28 22:54:48,855 - cauveris.sandbox.controller - INFO - Setting up sandboxes and applying interventions for 1 experiments
2026-09-28 22:54:48,855 - cauveris.sandbox.controller - INFO - Setting up branch sandbox for exp-h3_clock_skew
2026-09-28 22:54:48,857 - cauveris.sandbox.controller - INFO - [exp-h3_clock_skew] Applied H3 intervention: clock skew tolerance added
2026-09-28 22:54:48,860 - cauveris.sandbox.controller - INFO - Sandbox ready for exp-h3_clock_skew
2026-09-28 22:54:48,861 - cauveris.simulation.runner - INFO - Running digital twin simulations for 1 experiments
2026-09-28 22:54:48,861 - cauveris.simulation.runner - INFO - Starting digital twin simulation for exp-h3_clock_skew
2026-09-28 22:54:48,867 - cauveris.simulation.runner - INFO - Simulation completed for exp-h3_clock_skew: 20/20 failures (100.0%)
2026-09-28 22:54:50,531 - cauveris.sandbox.controller - INFO - Planning experiments for 1 hypotheses
2026-09-28 22:54:50,531 - cauveris.sandbox.controller - INFO - Setting up sandboxes and applying interventions for 1 experiments
2026-09-28 22:54:50,531 - cauveris.sandbox.controller - INFO - Setting up branch sandbox for exp-h4_gpu_load_throttling
2026-09-28 22:54:50,533 - cauveris.sandbox.controller - INFO - [exp-h4_gpu_load_throttling] Applied H4 intervention: max batch size set to 4
2026-09-28 22:54:50,536 - cauveris.sandbox.controller - INFO - Sandbox ready for exp-h4_gpu_load_throttling
2026-09-28 22:54:50,536 - cauveris.simulation.runner - INFO - Running digital twin simulations for 1 experiments
2026-09-28 22:54:50,536 - cauveris.simulation.runner - INFO - Starting digital twin simulation for exp-h4_gpu_load_throttling
2026-09-28 22:54:50,548 - cauveris.simulation.runner - INFO - Simulation completed for exp-h4_gpu_load_throttling: 20/20 failures (100.0%)
2026-09-28 22:55:10,405 - cauveris.sandbox.controller - INFO - Planning experiments for 4 hypotheses
2026-09-28 22:55:10,405 - cauveris.sandbox.controller - INFO - Setting up sandboxes and applying interventions for 4 experiments
2026-09-28 22:55:10,405 - cauveris.sandbox.controller - INFO - Setting up branch sandbox for exp-h1_batching_window
2026-09-28 22:55:10,408 - cauveris.sandbox.controller - INFO - [exp-h1_batching_window] Applied H1 intervention: batching_window_ms set to 100
2026-09-28 22:55:10,410 - cauveris.sandbox.controller - INFO - Sandbox ready for exp-h1_batching_window
2026-09-28 22:55:10,411 - cauveris.sandbox.controller - INFO - Setting up branch sandbox for exp-h2_qos_stale_messages
2026-09-28 22:55:10,413 - cauveris.sandbox.controller - INFO - [exp-h2_qos_stale_messages] Applied H2 intervention: QoS depth set to 1
2026-09-28 22:55:10,416 - cauveris.sandbox.controller - INFO - Sandbox ready for exp-h2_qos_stale_messages
2026-09-28 22:55:10,416 - cauveris.sandbox.controller - INFO - Setting up branch sandbox for exp-h3_clock_skew
2026-09-28 22:55:10,418 - cauveris.sandbox.controller - INFO - [exp-h3_clock_skew] Applied H3 intervention: clock skew tolerance added
2026-09-28 22:55:10,421 - cauveris.sandbox.controller - INFO - Sandbox ready for exp-h3_clock_skew
2026-09-28 22:55:10,421 - cauveris.sandbox.controller - INFO - Setting up branch sandbox for exp-h4_gpu_load_throttling
2026-09-28 22:55:10,423 - cauveris.sandbox.controller - INFO - [exp-h4_gpu_load_throttling] Applied H4 intervention: max batch size set to 4
2026-09-28 22:55:10,425 - cauveris.sandbox.controller - INFO - Sandbox ready for exp-h4_gpu_load_throttling
2026-09-28 22:55:10,426 - cauveris.simulation.runner - INFO - Running digital twin simulations for 4 experiments
2026-09-28 22:55:10,426 - cauveris.simulation.runner - INFO - Starting digital twin simulation for exp-h1_batching_window
2026-09-28 22:55:10,435 - cauveris.simulation.runner - INFO - Simulation completed for exp-h1_batching_window: 0/20 failures (0.0%)
2026-09-28 22:55:10,435 - cauveris.simulation.runner - INFO - Starting digital twin simulation for exp-h2_qos_stale_messages
2026-09-28 22:55:10,438 - cauveris.simulation.runner - INFO - Simulation completed for exp-h2_qos_stale_messages: 20/20 failures (100.0%)
2026-09-28 22:55:10,438 - cauveris.simulation.runner - INFO - Starting digital twin simulation for exp-h3_clock_skew
2026-09-28 22:55:10,440 - cauveris.simulation.runner - INFO - Simulation completed for exp-h3_clock_skew: 20/20 failures (100.0%)
2026-09-28 22:55:10,440 - cauveris.simulation.runner - INFO - Starting digital twin simulation for exp-h4_gpu_load_throttling
2026-09-28 22:55:10,443 - cauveris.simulation.runner - INFO - Simulation completed for exp-h4_gpu_load_throttling: 20/20 failures (100.0%)
2026-09-28 22:55:16,906 - cauveris.sandbox.controller - INFO - Planning experiments for 4 hypotheses
2026-09-28 22:55:16,906 - cauveris.sandbox.controller - INFO - Setting up sandboxes and applying interventions for 4 experiments
2026-09-28 22:55:16,907 - cauveris.sandbox.controller - INFO - Setting up branch sandbox for exp-h1_batching_window
2026-09-28 22:55:16,909 - cauveris.sandbox.controller - INFO - [exp-h1_batching_window] Applied H1 intervention: batching_window_ms set to 100
2026-09-28 22:55:16,912 - cauveris.sandbox.controller - INFO - Sandbox ready for exp-h1_batching_window
2026-09-28 22:55:16,912 - cauveris.sandbox.controller - INFO - Setting up branch sandbox for exp-h2_qos_stale_messages
2026-09-28 22:55:16,915 - cauveris.sandbox.controller - INFO - [exp-h2_qos_stale_messages] Applied H2 intervention: QoS depth set to 1
2026-09-28 22:55:16,917 - cauveris.sandbox.controller - INFO - Sandbox ready for exp-h2_qos_stale_messages
2026-09-28 22:55:16,917 - cauveris.sandbox.controller - INFO - Setting up branch sandbox for exp-h3_clock_skew
2026-09-28 22:55:16,920 - cauveris.sandbox.controller - INFO - [exp-h3_clock_skew] Applied H3 intervention: clock skew tolerance added
2026-09-28 22:55:16,923 - cauveris.sandbox.controller - INFO - Sandbox ready for exp-h3_clock_skew
2026-09-28 22:55:16,923 - cauveris.sandbox.controller - INFO - Setting up branch sandbox for exp-h4_gpu_load_throttling
2026-09-28 22:55:16,925 - cauveris.sandbox.controller - INFO - [exp-h4_gpu_load_throttling] Applied H4 intervention: max batch size set to 4
2026-09-28 22:55:16,928 - cauveris.sandbox.controller - INFO - Sandbox ready for exp-h4_gpu_load_throttling
2026-09-28 22:55:16,928 - cauveris.simulation.runner - INFO - Running digital twin simulations for 4 experiments
2026-09-28 22:55:16,928 - cauveris.simulation.runner - INFO - Starting digital twin simulation for exp-h1_batching_window
2026-09-28 22:55:16,931 - cauveris.simulation.runner - INFO - Simulation completed for exp-h1_batching_window: 0/20 failures (0.0%)
2026-09-28 22:55:16,931 - cauveris.simulation.runner - INFO - Starting digital twin simulation for exp-h2_qos_stale_messages
2026-09-28 22:55:16,934 - cauveris.simulation.runner - INFO - Simulation completed for exp-h2_qos_stale_messages: 20/20 failures (100.0%)
2026-09-28 22:55:16,934 - cauveris.simulation.runner - INFO - Starting digital twin simulation for exp-h3_clock_skew
2026-09-28 22:55:16,937 - cauveris.simulation.runner - INFO - Simulation completed for exp-h3_clock_skew: 20/20 failures (100.0%)
2026-09-28 22:55:16,937 - cauveris.simulation.runner - INFO - Starting digital twin simulation for exp-h4_gpu_load_throttling
2026-09-28 22:55:16,940 - cauveris.simulation.runner - INFO - Simulation completed for exp-h4_gpu_load_throttling: 20/20 failures (100.0%)
2026-09-28 22:56:47,728 - cauveris.state_machine.orchestrator - INFO - Transitioning to RECEIVED: 
2026-09-28 22:56:47,728 - cauveris.api.main - INFO - Incident CAU-0001 progress: RECEIVED 0.0%
2026-09-28 22:56:47,729 - cauveris.ingestion.controller - INFO - Processing incident ingestion: CAU-0001
2026-09-28 22:56:47,729 - cauveris.ingestion.controller - INFO - Using bundle path: incident-CAU-0001
2026-09-28 22:56:47,820 - cauveris.ingestion.controller - INFO - Ingestion complete for incident CAU-0001 (total=18, required=14)
2026-09-28 22:56:47,821 - cauveris.state_machine.orchestrator - INFO - Transitioning to VALIDATING: 
2026-09-28 22:56:47,821 - cauveris.api.main - INFO - Incident CAU-0001 progress: VALIDATING 10.0%
2026-09-28 22:56:47,821 - cauveris.timeline.builder - INFO - Building timeline for incident CAU-0001
2026-09-28 22:56:47,833 - cauveris.timeline.builder - INFO - Built timeline with 61 synchronized events
2026-09-28 22:56:47,833 - cauveris.state_machine.orchestrator - INFO - Transitioning to NORMALIZING: 
2026-09-28 22:56:47,833 - cauveris.api.main - INFO - Incident CAU-0001 progress: NORMALIZING 20.0%
2026-09-28 22:56:47,838 - cauveris.state_machine.orchestrator - INFO - Transitioning to TEMPORAL_ANALYSIS: 
2026-09-28 22:56:47,838 - cauveris.api.main - INFO - Incident CAU-0001 progress: TEMPORAL_ANALYSIS 25.0%
2026-09-28 22:56:47,838 - cauveris.hypothesis.generator - INFO - Generating hypotheses for incident CAU-0001
2026-09-28 22:56:47,949 - cauveris.hypothesis.generator - INFO - Generated 4 hypotheses for incident CAU-0001
2026-09-28 22:56:47,949 - cauveris.state_machine.orchestrator - INFO - Transitioning to HYPOTHESIZING: 
2026-09-28 22:56:47,950 - cauveris.api.main - INFO - Incident CAU-0001 progress: HYPOTHESIZING 30.0%
2026-09-28 22:56:47,950 - cauveris.sandbox.controller - INFO - Planning experiments for 4 hypotheses
2026-09-28 22:56:47,950 - cauveris.state_machine.orchestrator - INFO - Transitioning to PLANNING: 
2026-09-28 22:56:47,950 - cauveris.api.main - INFO - Incident CAU-0001 progress: PLANNING 40.0%
2026-09-28 22:56:47,950 - cauveris.sandbox.controller - INFO - Setting up sandboxes and applying interventions for 4 experiments
2026-09-28 22:56:47,950 - cauveris.sandbox.controller - INFO - Setting up branch sandbox for exp-h1_batching_window
2026-09-28 22:56:47,951 - cauveris.sandbox.controller - INFO - [exp-h1_batching_window] Applied H1 intervention: batching_window_ms set to 100
2026-09-28 22:56:47,953 - cauveris.sandbox.controller - INFO - Sandbox ready for exp-h1_batching_window
2026-09-28 22:56:47,953 - cauveris.sandbox.controller - INFO - Setting up branch sandbox for exp-h2_qos_stale_messages
2026-09-28 22:56:47,956 - cauveris.sandbox.controller - INFO - [exp-h2_qos_stale_messages] Applied H2 intervention: QoS depth set to 1
2026-09-28 22:56:47,959 - cauveris.sandbox.controller - INFO - Sandbox ready for exp-h2_qos_stale_messages
2026-09-28 22:56:47,959 - cauveris.sandbox.controller - INFO - Setting up branch sandbox for exp-h3_clock_skew
2026-09-28 22:56:47,962 - cauveris.sandbox.controller - INFO - [exp-h3_clock_skew] Applied H3 intervention: clock skew tolerance added
2026-09-28 22:56:47,965 - cauveris.sandbox.controller - INFO - Sandbox ready for exp-h3_clock_skew
2026-09-28 22:56:47,965 - cauveris.sandbox.controller - INFO - Setting up branch sandbox for exp-h4_gpu_load_throttling
2026-09-28 22:56:47,968 - cauveris.sandbox.controller - INFO - [exp-h4_gpu_load_throttling] Applied H4 intervention: max batch size set to 4
2026-09-28 22:56:47,971 - cauveris.sandbox.controller - INFO - Sandbox ready for exp-h4_gpu_load_throttling
2026-09-28 22:56:47,971 - cauveris.state_machine.orchestrator - INFO - Transitioning to RUNNING_BRANCHES: 
2026-09-28 22:56:47,971 - cauveris.api.main - INFO - Incident CAU-0001 progress: RUNNING_BRANCHES 50.0%
2026-09-28 22:56:47,972 - cauveris.simulation.runner - INFO - Running digital twin simulations for 4 experiments
2026-09-28 22:56:47,972 - cauveris.simulation.runner - INFO - Starting digital twin simulation for exp-h1_batching_window
2026-09-28 22:56:47,983 - cauveris.simulation.runner - INFO - Simulation completed for exp-h1_batching_window: 0/20 failures (0.0%)
2026-09-28 22:56:47,983 - cauveris.simulation.runner - INFO - Starting digital twin simulation for exp-h2_qos_stale_messages
2026-09-28 22:56:47,986 - cauveris.simulation.runner - INFO - Simulation completed for exp-h2_qos_stale_messages: 20/20 failures (100.0%)
2026-09-28 22:56:47,986 - cauveris.simulation.runner - INFO - Starting digital twin simulation for exp-h3_clock_skew
2026-09-28 22:56:47,989 - cauveris.simulation.runner - INFO - Simulation completed for exp-h3_clock_skew: 20/20 failures (100.0%)
2026-09-28 22:56:47,989 - cauveris.simulation.runner - INFO - Starting digital twin simulation for exp-h4_gpu_load_throttling
2026-09-28 22:56:47,992 - cauveris.simulation.runner - INFO - Simulation completed for exp-h4_gpu_load_throttling: 20/20 failures (100.0%)
2026-09-28 22:56:47,992 - cauveris.state_machine.orchestrator - INFO - Transitioning to SCORING: 
2026-09-28 22:56:47,992 - cauveris.api.main - INFO - Incident CAU-0001 progress: SCORING 60.0%
2026-09-28 22:56:47,992 - cauveris.patch.generator - INFO - Generating patches from 4 experiments
2026-09-28 22:56:47,993 - cauveris.patch.generator - INFO - Found 4 completed experiments to analyze
2026-09-28 22:56:47,993 - cauveris.patch.generator - INFO - Generated patch patch-exp-h1_batching_window for exp-h1_batching_window (score: 0.97, repro_rate: 0.0%)
2026-09-28 22:56:47,993 - cauveris.patch.generator - INFO - Generated patch patch-exp-h2_qos_stale_messages for exp-h2_qos_stale_messages (score: 0.42, repro_rate: 100.0%)
2026-09-28 22:56:47,993 - cauveris.patch.generator - INFO - Generated patch patch-exp-h3_clock_skew for exp-h3_clock_skew (score: 0.42, repro_rate: 100.0%)
2026-09-28 22:56:47,993 - cauveris.patch.generator - INFO - Generated patch patch-exp-h4_gpu_load_throttling for exp-h4_gpu_load_throttling (score: 0.42, repro_rate: 100.0%)
2026-09-28 22:56:47,994 - cauveris.patch.generator - INFO - Generated 4 patch candidates in total
2026-09-28 22:56:47,994 - cauveris.state_machine.orchestrator - INFO - Transitioning to PATCH_FORGE: 
2026-09-28 22:56:47,994 - cauveris.api.main - INFO - Incident CAU-0001 progress: PATCH_FORGE 70.0%
2026-09-28 22:56:47,994 - cauveris.verifier.engine - INFO - Verifying 4 patch candidates against 9-point checklist
2026-09-28 22:56:47,994 - cauveris.verifier.engine - INFO - Starting verification battery for patch-exp-h1_batching_window
2026-09-28 22:56:48,483 - cauveris.verifier.engine - INFO - Verification complete for patch-exp-h1_batching_window: VERIFIED=True
2026-09-28 22:56:48,483 - cauveris.verifier.engine - INFO - Starting verification battery for patch-exp-h2_qos_stale_messages
2026-09-28 22:56:48,947 - cauveris.verifier.engine - INFO - Verification complete for patch-exp-h2_qos_stale_messages: VERIFIED=False
2026-09-28 22:56:48,948 - cauveris.verifier.engine - INFO - Starting verification battery for patch-exp-h3_clock_skew
2026-09-28 22:56:49,397 - cauveris.verifier.engine - INFO - Verification complete for patch-exp-h3_clock_skew: VERIFIED=False
2026-09-28 22:56:49,397 - cauveris.verifier.engine - INFO - Starting verification battery for patch-exp-h4_gpu_load_throttling
2026-09-28 22:56:49,867 - cauveris.verifier.engine - INFO - Verification complete for patch-exp-h4_gpu_load_throttling: VERIFIED=False
2026-09-28 22:56:49,867 - cauveris.state_machine.orchestrator - INFO - Transitioning to VERIFYING: 
2026-09-28 22:56:49,867 - cauveris.api.main - INFO - Incident CAU-0001 progress: VERIFYING 80.0%
2026-09-28 22:56:49,868 - cauveris.report.generator - INFO - Generating report for incident CAU-0001
2026-09-28 22:56:49,877 - cauveris.report.generator - INFO - Patch package generated at report\CAU-0001\patch-package
2026-09-28 22:56:49,877 - cauveris.report.generator - INFO - Report generated at report\CAU-0001
2026-09-28 22:56:49,878 - cauveris.state_machine.orchestrator - INFO - Transitioning to AWAITING_REVIEW: 
2026-09-28 22:56:49,878 - cauveris.api.main - INFO - Incident CAU-0001 progress: AWAITING_REVIEW 90.0%
2026-09-28 22:56:49,878 - cauveris.state_machine.orchestrator - INFO - Transitioning to COMPLETED: 
2026-09-28 22:56:49,878 - cauveris.api.main - INFO - Incident CAU-0001 progress: COMPLETED 100.0%
2026-09-28 22:56:49,878 - cauveris.api.main - INFO - Pipeline completed successfully for incident CAU-0001
2026-09-28 22:56:56,515 - cauveris.state_machine.orchestrator - INFO - Transitioning to RECEIVED: 
2026-09-28 22:56:56,516 - cauveris.api.main - INFO - Incident CAU-0001 progress: RECEIVED 0.0%
2026-09-28 22:56:56,516 - cauveris.ingestion.controller - INFO - Processing incident ingestion: CAU-0001
2026-09-28 22:56:56,516 - cauveris.ingestion.controller - INFO - Using bundle path: incident-CAU-0001
2026-09-28 22:56:56,527 - cauveris.ingestion.controller - INFO - Ingestion complete for incident CAU-0001 (total=18, required=14)
2026-09-28 22:56:56,527 - cauveris.state_machine.orchestrator - INFO - Transitioning to VALIDATING: 
2026-09-28 22:56:56,528 - cauveris.api.main - INFO - Incident CAU-0001 progress: VALIDATING 10.0%
2026-09-28 22:56:56,528 - cauveris.timeline.builder - INFO - Building timeline for incident CAU-0001
2026-09-28 22:56:56,532 - cauveris.timeline.builder - INFO - Built timeline with 61 synchronized events
2026-09-28 22:56:56,533 - cauveris.state_machine.orchestrator - INFO - Transitioning to NORMALIZING: 
2026-09-28 22:56:56,533 - cauveris.api.main - INFO - Incident CAU-0001 progress: NORMALIZING 20.0%
2026-09-28 22:56:56,537 - cauveris.state_machine.orchestrator - INFO - Transitioning to TEMPORAL_ANALYSIS: 
2026-09-28 22:56:56,537 - cauveris.api.main - INFO - Incident CAU-0001 progress: TEMPORAL_ANALYSIS 25.0%
2026-09-28 22:56:56,537 - cauveris.hypothesis.generator - INFO - Generating hypotheses for incident CAU-0001
2026-09-28 22:56:56,642 - cauveris.hypothesis.generator - INFO - Generated 4 hypotheses for incident CAU-0001
2026-09-28 22:56:56,642 - cauveris.state_machine.orchestrator - INFO - Transitioning to HYPOTHESIZING: 
2026-09-28 22:56:56,642 - cauveris.api.main - INFO - Incident CAU-0001 progress: HYPOTHESIZING 30.0%
2026-09-28 22:56:56,642 - cauveris.sandbox.controller - INFO - Planning experiments for 4 hypotheses
2026-09-28 22:56:56,642 - cauveris.state_machine.orchestrator - INFO - Transitioning to PLANNING: 
2026-09-28 22:56:56,643 - cauveris.api.main - INFO - Incident CAU-0001 progress: PLANNING 40.0%
2026-09-28 22:56:56,643 - cauveris.sandbox.controller - INFO - Setting up sandboxes and applying interventions for 4 experiments
2026-09-28 22:56:56,643 - cauveris.sandbox.controller - INFO - Setting up branch sandbox for exp-h1_batching_window
2026-09-28 22:56:56,646 - cauveris.sandbox.controller - INFO - [exp-h1_batching_window] Applied H1 intervention: batching_window_ms set to 100
2026-09-28 22:56:56,648 - cauveris.sandbox.controller - INFO - Sandbox ready for exp-h1_batching_window
2026-09-28 22:56:56,648 - cauveris.sandbox.controller - INFO - Setting up branch sandbox for exp-h2_qos_stale_messages
2026-09-28 22:56:56,652 - cauveris.sandbox.controller - INFO - [exp-h2_qos_stale_messages] Applied H2 intervention: QoS depth set to 1
2026-09-28 22:56:56,655 - cauveris.sandbox.controller - INFO - Sandbox ready for exp-h2_qos_stale_messages
2026-09-28 22:56:56,655 - cauveris.sandbox.controller - INFO - Setting up branch sandbox for exp-h3_clock_skew
2026-09-28 22:56:56,659 - cauveris.sandbox.controller - INFO - [exp-h3_clock_skew] Applied H3 intervention: clock skew tolerance added
2026-09-28 22:56:56,661 - cauveris.sandbox.controller - INFO - Sandbox ready for exp-h3_clock_skew
2026-09-28 22:56:56,661 - cauveris.sandbox.controller - INFO - Setting up branch sandbox for exp-h4_gpu_load_throttling
2026-09-28 22:56:56,665 - cauveris.sandbox.controller - INFO - [exp-h4_gpu_load_throttling] Applied H4 intervention: max batch size set to 4
2026-09-28 22:56:56,667 - cauveris.sandbox.controller - INFO - Sandbox ready for exp-h4_gpu_load_throttling
2026-09-28 22:56:56,667 - cauveris.state_machine.orchestrator - INFO - Transitioning to RUNNING_BRANCHES: 
2026-09-28 22:56:56,668 - cauveris.api.main - INFO - Incident CAU-0001 progress: RUNNING_BRANCHES 50.0%
2026-09-28 22:56:56,668 - cauveris.simulation.runner - INFO - Running digital twin simulations for 4 experiments
2026-09-28 22:56:56,668 - cauveris.simulation.runner - INFO - Starting digital twin simulation for exp-h1_batching_window
2026-09-28 22:56:56,677 - cauveris.simulation.runner - INFO - Simulation completed for exp-h1_batching_window: 0/20 failures (0.0%)
2026-09-28 22:56:56,677 - cauveris.simulation.runner - INFO - Starting digital twin simulation for exp-h2_qos_stale_messages
2026-09-28 22:56:56,679 - cauveris.simulation.runner - INFO - Simulation completed for exp-h2_qos_stale_messages: 20/20 failures (100.0%)
2026-09-28 22:56:56,679 - cauveris.simulation.runner - INFO - Starting digital twin simulation for exp-h3_clock_skew
2026-09-28 22:56:56,680 - cauveris.simulation.runner - INFO - Simulation completed for exp-h3_clock_skew: 20/20 failures (100.0%)
2026-09-28 22:56:56,680 - cauveris.simulation.runner - INFO - Starting digital twin simulation for exp-h4_gpu_load_throttling
2026-09-28 22:56:56,681 - cauveris.simulation.runner - INFO - Simulation completed for exp-h4_gpu_load_throttling: 20/20 failures (100.0%)
2026-09-28 22:56:56,681 - cauveris.state_machine.orchestrator - INFO - Transitioning to SCORING: 
2026-09-28 22:56:56,682 - cauveris.api.main - INFO - Incident CAU-0001 progress: SCORING 60.0%
2026-09-28 22:56:56,682 - cauveris.patch.generator - INFO - Generating patches from 4 experiments
2026-09-28 22:56:56,682 - cauveris.patch.generator - INFO - Found 4 completed experiments to analyze
2026-09-28 22:56:56,682 - cauveris.patch.generator - INFO - Generated patch patch-exp-h1_batching_window for exp-h1_batching_window (score: 0.97, repro_rate: 0.0%)
2026-09-28 22:56:56,682 - cauveris.patch.generator - INFO - Generated patch patch-exp-h2_qos_stale_messages for exp-h2_qos_stale_messages (score: 0.42, repro_rate: 100.0%)
2026-09-28 22:56:56,682 - cauveris.patch.generator - INFO - Generated patch patch-exp-h3_clock_skew for exp-h3_clock_skew (score: 0.42, repro_rate: 100.0%)
2026-09-28 22:56:56,682 - cauveris.patch.generator - INFO - Generated patch patch-exp-h4_gpu_load_throttling for exp-h4_gpu_load_throttling (score: 0.42, repro_rate: 100.0%)
2026-09-28 22:56:56,682 - cauveris.patch.generator - INFO - Generated 4 patch candidates in total
2026-09-28 22:56:56,682 - cauveris.state_machine.orchestrator - INFO - Transitioning to PATCH_FORGE: 
2026-09-28 22:56:56,682 - cauveris.api.main - INFO - Incident CAU-0001 progress: PATCH_FORGE 70.0%
2026-09-28 22:56:56,682 - cauveris.verifier.engine - INFO - Verifying 4 patch candidates against 9-point checklist
2026-09-28 22:56:56,682 - cauveris.verifier.engine - INFO - Starting verification battery for patch-exp-h1_batching_window
2026-09-28 22:56:57,151 - cauveris.verifier.engine - INFO - Verification complete for patch-exp-h1_batching_window: VERIFIED=True
2026-09-28 22:56:57,151 - cauveris.verifier.engine - INFO - Starting verification battery for patch-exp-h2_qos_stale_messages
2026-09-28 22:56:57,620 - cauveris.verifier.engine - INFO - Verification complete for patch-exp-h2_qos_stale_messages: VERIFIED=False
2026-09-28 22:56:57,620 - cauveris.verifier.engine - INFO - Starting verification battery for patch-exp-h3_clock_skew
2026-09-28 22:56:58,080 - cauveris.verifier.engine - INFO - Verification complete for patch-exp-h3_clock_skew: VERIFIED=False
2026-09-28 22:56:58,080 - cauveris.verifier.engine - INFO - Starting verification battery for patch-exp-h4_gpu_load_throttling
2026-09-28 22:56:58,523 - cauveris.verifier.engine - INFO - Verification complete for patch-exp-h4_gpu_load_throttling: VERIFIED=False
2026-09-28 22:56:58,523 - cauveris.state_machine.orchestrator - INFO - Transitioning to VERIFYING: 
2026-09-28 22:56:58,523 - cauveris.api.main - INFO - Incident CAU-0001 progress: VERIFYING 80.0%
2026-09-28 22:56:58,523 - cauveris.report.generator - INFO - Generating report for incident CAU-0001
2026-09-28 22:56:58,528 - cauveris.report.generator - INFO - Patch package generated at report\CAU-0001\patch-package
2026-09-28 22:56:58,528 - cauveris.report.generator - INFO - Report generated at report\CAU-0001
2026-09-28 22:56:58,528 - cauveris.state_machine.orchestrator - INFO - Transitioning to AWAITING_REVIEW: 
2026-09-28 22:56:58,529 - cauveris.api.main - INFO - Incident CAU-0001 progress: AWAITING_REVIEW 90.0%
2026-09-28 22:56:58,529 - cauveris.state_machine.orchestrator - INFO - Transitioning to COMPLETED: 
2026-09-28 22:56:58,529 - cauveris.api.main - INFO - Incident CAU-0001 progress: COMPLETED 100.0%
2026-09-28 22:56:58,529 - cauveris.api.main - INFO - Pipeline completed successfully for incident CAU-0001
2026-09-28 22:57:01,761 - cauveris.api.main - INFO - Loaded golden incident CAU-0001
2026-09-28 22:57:04,189 - cauveris.api.main - INFO - Loaded golden incident CAU-0001
2026-09-28 23:22:50,018 - cauveris.main - INFO - Starting Cauveris backend
2026-09-28 23:22:50,018 - cauveris.main - INFO - Loading golden incident on startup...
2026-09-28 23:22:50,243 - cauveris.datasets.golden_incident - INFO - Generating golden CAU-0001 incident at incident-CAU-0001
2026-09-28 23:22:50,272 - cauveris.datasets.golden_incident - INFO - Generated incident CAU-0001 with 18 evidence items
2026-09-28 23:22:50,281 - cauveris.api.main - INFO - Hydrated full pipeline context for CAU-0001 from report
2026-09-28 23:22:50,308 - cauveris.datasets.golden_incident - INFO - Generating golden CAU-0001 incident at incident-CAU-0001
2026-09-28 23:22:50,324 - cauveris.datasets.golden_incident - INFO - Generated incident CAU-0001 with 18 evidence items
2026-09-28 23:22:50,324 - cauveris.main - INFO - Loaded golden incident CAU-0001
2026-09-29 00:22:58,734 - cauveris.main - INFO - Starting Cauveris backend
2026-09-29 00:22:58,961 - cauveris.datasets.golden_incident - INFO - Generating golden CAU-0001 incident at incident-CAU-0001
2026-09-29 00:22:59,001 - cauveris.datasets.golden_incident - INFO - Generated incident CAU-0001 with 18 evidence items
2026-09-29 00:22:59,006 - cauveris.api.main - INFO - Hydrated full pipeline context for CAU-0001 from report
2026-09-29 00:23:42,897 - cauveris.main - INFO - Starting Cauveris backend
2026-09-29 00:23:43,114 - cauveris.datasets.golden_incident - INFO - Generating golden CAU-0001 incident at incident-CAU-0001
2026-09-29 00:23:43,139 - cauveris.datasets.golden_incident - INFO - Generated incident CAU-0001 with 18 evidence items
2026-09-29 00:23:43,139 - cauveris.api.main - INFO - Hydrated full pipeline context for CAU-0001 from report
2026-09-29 00:25:04,139 - cauveris.api.main - INFO - Loaded golden incident CAU-0001
2026-09-29 00:25:09,801 - cauveris.state_machine.orchestrator - INFO - Transitioning to RECEIVED: 
2026-09-29 00:25:09,801 - cauveris.api.main - INFO - Incident CAU-0001 progress: RECEIVED 0.0%
2026-09-29 00:25:09,802 - cauveris.ingestion.controller - INFO - Processing incident ingestion: CAU-0001
2026-09-29 00:25:09,802 - cauveris.ingestion.controller - INFO - Using bundle path: incident-CAU-0001
2026-09-29 00:25:09,872 - cauveris.ingestion.controller - INFO - Ingestion complete for incident CAU-0001 (total=18, required=14)
2026-09-29 00:25:09,872 - cauveris.state_machine.orchestrator - INFO - Transitioning to VALIDATING: 
2026-09-29 00:25:09,872 - cauveris.api.main - INFO - Incident CAU-0001 progress: VALIDATING 10.0%
2026-09-29 00:25:09,872 - cauveris.timeline.builder - INFO - Building timeline for incident CAU-0001
2026-09-29 00:25:09,887 - cauveris.timeline.builder - INFO - Built timeline with 61 synchronized events
2026-09-29 00:25:09,887 - cauveris.state_machine.orchestrator - INFO - Transitioning to NORMALIZING: 
2026-09-29 00:25:09,887 - cauveris.api.main - INFO - Incident CAU-0001 progress: NORMALIZING 20.0%
2026-09-29 00:25:09,890 - cauveris.state_machine.orchestrator - INFO - Transitioning to TEMPORAL_ANALYSIS: 
2026-09-29 00:25:09,890 - cauveris.api.main - INFO - Incident CAU-0001 progress: TEMPORAL_ANALYSIS 25.0%
2026-09-29 00:25:09,890 - cauveris.hypothesis.generator - INFO - Generating hypotheses for incident CAU-0001
2026-09-29 00:25:10,005 - cauveris.hypothesis.generator - INFO - Generated 4 hypotheses for incident CAU-0001
2026-09-29 00:25:10,006 - cauveris.state_machine.orchestrator - INFO - Transitioning to HYPOTHESIZING: 
2026-09-29 00:25:10,007 - cauveris.api.main - INFO - Incident CAU-0001 progress: HYPOTHESIZING 30.0%
2026-09-29 00:25:10,007 - cauveris.sandbox.controller - INFO - Planning experiments for 4 hypotheses
2026-09-29 00:25:10,007 - cauveris.state_machine.orchestrator - INFO - Transitioning to PLANNING: 
2026-09-29 00:25:10,008 - cauveris.api.main - INFO - Incident CAU-0001 progress: PLANNING 40.0%
2026-09-29 00:25:10,008 - cauveris.sandbox.controller - INFO - Setting up sandboxes and applying interventions for 4 experiments
2026-09-29 00:25:10,008 - cauveris.sandbox.controller - INFO - Setting up branch sandbox for exp-h1_batching_window
2026-09-29 00:25:10,012 - cauveris.sandbox.controller - INFO - [exp-h1_batching_window] Applied H1 intervention: batching_window_ms set to 100
2026-09-29 00:25:10,015 - cauveris.sandbox.controller - INFO - Sandbox ready for exp-h1_batching_window
2026-09-29 00:25:10,015 - cauveris.sandbox.controller - INFO - Setting up branch sandbox for exp-h2_qos_stale_messages
2026-09-29 00:25:10,018 - cauveris.sandbox.controller - INFO - [exp-h2_qos_stale_messages] Applied H2 intervention: QoS depth set to 1
2026-09-29 00:25:10,020 - cauveris.sandbox.controller - INFO - Sandbox ready for exp-h2_qos_stale_messages
2026-09-29 00:25:10,021 - cauveris.sandbox.controller - INFO - Setting up branch sandbox for exp-h3_clock_skew
2026-09-29 00:25:10,025 - cauveris.sandbox.controller - INFO - [exp-h3_clock_skew] Applied H3 intervention: clock skew tolerance added
2026-09-29 00:25:10,027 - cauveris.sandbox.controller - INFO - Sandbox ready for exp-h3_clock_skew
2026-09-29 00:25:10,027 - cauveris.sandbox.controller - INFO - Setting up branch sandbox for exp-h4_gpu_load_throttling
2026-09-29 00:25:10,031 - cauveris.sandbox.controller - INFO - [exp-h4_gpu_load_throttling] Applied H4 intervention: max batch size set to 4
2026-09-29 00:25:10,034 - cauveris.sandbox.controller - INFO - Sandbox ready for exp-h4_gpu_load_throttling
2026-09-29 00:25:10,034 - cauveris.state_machine.orchestrator - INFO - Transitioning to RUNNING_BRANCHES: 
2026-09-29 00:25:10,034 - cauveris.api.main - INFO - Incident CAU-0001 progress: RUNNING_BRANCHES 50.0%
2026-09-29 00:25:10,034 - cauveris.simulation.runner - INFO - Running digital twin simulations for 4 experiments
2026-09-29 00:25:10,034 - cauveris.simulation.runner - INFO - Starting digital twin simulation for exp-h1_batching_window
2026-09-29 00:25:10,037 - cauveris.simulation.runner - INFO - Simulation completed for exp-h1_batching_window: 0/20 failures (0.0%)
2026-09-29 00:25:10,038 - cauveris.simulation.runner - INFO - Starting digital twin simulation for exp-h2_qos_stale_messages
2026-09-29 00:25:10,039 - cauveris.simulation.runner - INFO - Simulation completed for exp-h2_qos_stale_messages: 20/20 failures (100.0%)
2026-09-29 00:25:10,039 - cauveris.simulation.runner - INFO - Starting digital twin simulation for exp-h3_clock_skew
2026-09-29 00:25:10,040 - cauveris.simulation.runner - INFO - Simulation completed for exp-h3_clock_skew: 20/20 failures (100.0%)
2026-09-29 00:25:10,040 - cauveris.simulation.runner - INFO - Starting digital twin simulation for exp-h4_gpu_load_throttling
2026-09-29 00:25:10,042 - cauveris.simulation.runner - INFO - Simulation completed for exp-h4_gpu_load_throttling: 20/20 failures (100.0%)
2026-09-29 00:25:10,042 - cauveris.state_machine.orchestrator - INFO - Transitioning to SCORING: 
2026-09-29 00:25:10,042 - cauveris.api.main - INFO - Incident CAU-0001 progress: SCORING 60.0%
2026-09-29 00:25:10,042 - cauveris.patch.generator - INFO - Generating patches from 4 experiments
2026-09-29 00:25:10,042 - cauveris.patch.generator - INFO - Found 4 completed experiments to analyze
2026-09-29 00:25:10,042 - cauveris.patch.generator - INFO - Generated patch patch-exp-h1_batching_window for exp-h1_batching_window (score: 0.97, repro_rate: 0.0%)
2026-09-29 00:25:10,042 - cauveris.patch.generator - INFO - Generated patch patch-exp-h2_qos_stale_messages for exp-h2_qos_stale_messages (score: 0.42, repro_rate: 100.0%)
2026-09-29 00:25:10,042 - cauveris.patch.generator - INFO - Generated patch patch-exp-h3_clock_skew for exp-h3_clock_skew (score: 0.42, repro_rate: 100.0%)
2026-09-29 00:25:10,042 - cauveris.patch.generator - INFO - Generated patch patch-exp-h4_gpu_load_throttling for exp-h4_gpu_load_throttling (score: 0.42, repro_rate: 100.0%)
2026-09-29 00:25:10,042 - cauveris.patch.generator - INFO - Generated 4 patch candidates in total
2026-09-29 00:25:10,042 - cauveris.state_machine.orchestrator - INFO - Transitioning to PATCH_FORGE: 
2026-09-29 00:25:10,042 - cauveris.api.main - INFO - Incident CAU-0001 progress: PATCH_FORGE 70.0%
2026-09-29 00:25:10,042 - cauveris.verifier.engine - INFO - Verifying 4 patch candidates against 9-point checklist
2026-09-29 00:25:10,042 - cauveris.verifier.engine - INFO - Starting verification battery for patch-exp-h1_batching_window
2026-09-29 00:25:10,496 - cauveris.verifier.engine - INFO - Verification complete for patch-exp-h1_batching_window: VERIFIED=True
2026-09-29 00:25:10,496 - cauveris.verifier.engine - INFO - Starting verification battery for patch-exp-h2_qos_stale_messages
2026-09-29 00:25:10,956 - cauveris.verifier.engine - INFO - Verification complete for patch-exp-h2_qos_stale_messages: VERIFIED=False
2026-09-29 00:25:10,956 - cauveris.verifier.engine - INFO - Starting verification battery for patch-exp-h3_clock_skew
2026-09-29 00:25:11,441 - cauveris.verifier.engine - INFO - Verification complete for patch-exp-h3_clock_skew: VERIFIED=False
2026-09-29 00:25:11,441 - cauveris.verifier.engine - INFO - Starting verification battery for patch-exp-h4_gpu_load_throttling
2026-09-29 00:25:11,898 - cauveris.verifier.engine - INFO - Verification complete for patch-exp-h4_gpu_load_throttling: VERIFIED=False
2026-09-29 00:25:11,898 - cauveris.state_machine.orchestrator - INFO - Transitioning to VERIFYING: 
2026-09-29 00:25:11,899 - cauveris.api.main - INFO - Incident CAU-0001 progress: VERIFYING 80.0%
2026-09-29 00:25:11,899 - cauveris.report.generator - INFO - Generating report for incident CAU-0001
2026-09-29 00:25:11,905 - cauveris.report.generator - INFO - Patch package generated at report\CAU-0001\patch-package
2026-09-29 00:25:11,906 - cauveris.report.generator - INFO - Report generated at report\CAU-0001
2026-09-29 00:25:11,906 - cauveris.state_machine.orchestrator - INFO - Transitioning to AWAITING_REVIEW: 
2026-09-29 00:25:11,906 - cauveris.api.main - INFO - Incident CAU-0001 progress: AWAITING_REVIEW 90.0%
2026-09-29 00:25:11,906 - cauveris.state_machine.orchestrator - INFO - Transitioning to COMPLETED: 
2026-09-29 00:25:11,906 - cauveris.api.main - INFO - Incident CAU-0001 progress: COMPLETED 100.0%
2026-09-29 00:25:11,907 - cauveris.api.main - INFO - Pipeline completed successfully for incident CAU-0001
2026-09-30 01:38:55,269 - cauveris.main - INFO - Starting Cauveris backend
2026-09-30 01:38:55,508 - cauveris.datasets.golden_incident - INFO - Generating golden CAU-0001 incident at incident-CAU-0001
2026-09-30 01:38:55,540 - cauveris.datasets.golden_incident - INFO - Generated incident CAU-0001 with 18 evidence items
2026-09-30 01:38:55,541 - cauveris.api.main - INFO - Hydrated full pipeline context for CAU-0001 from report
2026-09-30 01:39:26,429 - asyncio - ERROR - Exception in callback _ProactorBasePipeTransport._call_connection_lost()
handle: <Handle _ProactorBasePipeTransport._call_connection_lost()>
Traceback (most recent call last):
  File "C:\Users\jayde\AppData\Roaming\uv\python\cpython-3.14-windows-x86_64-none\Lib\asyncio\events.py", line 94, in _run
    self._context.run(self._callback, *self._args)
    ~~~~~~~~~~~~~~~~~^^^^^^^^^^^^^^^^^^^^^^^^^^^^^
  File "C:\Users\jayde\AppData\Roaming\uv\python\cpython-3.14-windows-x86_64-none\Lib\asyncio\proactor_events.py", line 165, in _call_connection_lost
    self._sock.shutdown(socket.SHUT_RDWR)
    ~~~~~~~~~~~~~~~~~~~^^^^^^^^^^^^^^^^^^
ConnectionResetError: [WinError 10054] An existing connection was forcibly closed by the remote host
2026-09-30 01:39:48,954 - cauveris.api.main - INFO - Loaded golden incident CAU-0001
2026-09-30 01:39:50,251 - cauveris.state_machine.orchestrator - INFO - Transitioning to RECEIVED: 
2026-09-30 01:39:50,251 - cauveris.api.main - INFO - Incident CAU-0001 progress: RECEIVED 0.0%
2026-09-30 01:39:50,251 - cauveris.ingestion.controller - INFO - Processing incident ingestion: CAU-0001
2026-09-30 01:39:50,252 - cauveris.ingestion.controller - INFO - Using bundle path: incident-CAU-0001
2026-09-30 01:39:50,360 - cauveris.ingestion.controller - INFO - Ingestion complete for incident CAU-0001 (total=18, required=14)
2026-09-30 01:39:50,360 - cauveris.state_machine.orchestrator - INFO - Transitioning to VALIDATING: 
2026-09-30 01:39:50,360 - cauveris.api.main - INFO - Incident CAU-0001 progress: VALIDATING 10.0%
2026-09-30 01:39:50,360 - cauveris.timeline.builder - INFO - Building timeline for incident CAU-0001
2026-09-30 01:39:50,404 - cauveris.timeline.builder - INFO - Built timeline with 61 synchronized events
2026-09-30 01:39:50,404 - cauveris.state_machine.orchestrator - INFO - Transitioning to NORMALIZING: 
2026-09-30 01:39:50,404 - cauveris.api.main - INFO - Incident CAU-0001 progress: NORMALIZING 20.0%
2026-09-30 01:39:50,410 - cauveris.state_machine.orchestrator - INFO - Transitioning to TEMPORAL_ANALYSIS: 
2026-09-30 01:39:50,410 - cauveris.api.main - INFO - Incident CAU-0001 progress: TEMPORAL_ANALYSIS 25.0%
2026-09-30 01:39:50,411 - cauveris.hypothesis.generator - INFO - Generating hypotheses for incident CAU-0001
2026-09-30 01:39:50,519 - cauveris.hypothesis.generator - INFO - Generated 4 hypotheses for incident CAU-0001
2026-09-30 01:39:50,519 - cauveris.state_machine.orchestrator - INFO - Transitioning to HYPOTHESIZING: 
2026-09-30 01:39:50,520 - cauveris.api.main - INFO - Incident CAU-0001 progress: HYPOTHESIZING 30.0%
2026-09-30 01:39:50,520 - cauveris.sandbox.controller - INFO - Planning experiments for 4 hypotheses
2026-09-30 01:39:50,520 - cauveris.state_machine.orchestrator - INFO - Transitioning to PLANNING: 
2026-09-30 01:39:50,521 - cauveris.api.main - INFO - Incident CAU-0001 progress: PLANNING 40.0%
2026-09-30 01:39:50,521 - cauveris.sandbox.controller - INFO - Setting up sandboxes and applying interventions for 4 experiments
2026-09-30 01:39:50,521 - cauveris.sandbox.controller - INFO - Setting up branch sandbox for exp-h1_batching_window
2026-09-30 01:39:50,525 - cauveris.sandbox.controller - INFO - [exp-h1_batching_window] Applied H1 intervention: batching_window_ms set to 100
2026-09-30 01:39:50,528 - cauveris.sandbox.controller - INFO - Sandbox ready for exp-h1_batching_window
2026-09-30 01:39:50,528 - cauveris.sandbox.controller - INFO - Setting up branch sandbox for exp-h2_qos_stale_messages
2026-09-30 01:39:50,531 - cauveris.sandbox.controller - INFO - [exp-h2_qos_stale_messages] Applied H2 intervention: QoS depth set to 1
2026-09-30 01:39:50,534 - cauveris.sandbox.controller - INFO - Sandbox ready for exp-h2_qos_stale_messages
2026-09-30 01:39:50,534 - cauveris.sandbox.controller - INFO - Setting up branch sandbox for exp-h3_clock_skew
2026-09-30 01:39:50,538 - cauveris.sandbox.controller - INFO - [exp-h3_clock_skew] Applied H3 intervention: clock skew tolerance added
2026-09-30 01:39:50,541 - cauveris.sandbox.controller - INFO - Sandbox ready for exp-h3_clock_skew
2026-09-30 01:39:50,541 - cauveris.sandbox.controller - INFO - Setting up branch sandbox for exp-h4_gpu_load_throttling
2026-09-30 01:39:50,544 - cauveris.sandbox.controller - INFO - [exp-h4_gpu_load_throttling] Applied H4 intervention: max batch size set to 4
2026-09-30 01:39:50,547 - cauveris.sandbox.controller - INFO - Sandbox ready for exp-h4_gpu_load_throttling
2026-09-30 01:39:50,547 - cauveris.state_machine.orchestrator - INFO - Transitioning to RUNNING_BRANCHES: 
2026-09-30 01:39:50,547 - cauveris.api.main - INFO - Incident CAU-0001 progress: RUNNING_BRANCHES 50.0%
2026-09-30 01:39:50,547 - cauveris.simulation.runner - INFO - Running digital twin simulations for 4 experiments
2026-09-30 01:39:50,548 - cauveris.simulation.runner - INFO - Starting digital twin simulation for exp-h1_batching_window
2026-09-30 01:39:50,550 - cauveris.simulation.runner - INFO - Simulation completed for exp-h1_batching_window: 0/20 failures (0.0%)
2026-09-30 01:39:50,551 - cauveris.simulation.runner - INFO - Starting digital twin simulation for exp-h2_qos_stale_messages
2026-09-30 01:39:50,553 - cauveris.simulation.runner - INFO - Simulation completed for exp-h2_qos_stale_messages: 20/20 failures (100.0%)
2026-09-30 01:39:50,553 - cauveris.simulation.runner - INFO - Starting digital twin simulation for exp-h3_clock_skew
2026-09-30 01:39:50,556 - cauveris.simulation.runner - INFO - Simulation completed for exp-h3_clock_skew: 20/20 failures (100.0%)
2026-09-30 01:39:50,556 - cauveris.simulation.runner - INFO - Starting digital twin simulation for exp-h4_gpu_load_throttling
2026-09-30 01:39:50,558 - cauveris.simulation.runner - INFO - Simulation completed for exp-h4_gpu_load_throttling: 20/20 failures (100.0%)
2026-09-30 01:39:50,559 - cauveris.state_machine.orchestrator - INFO - Transitioning to SCORING: 
2026-09-30 01:39:50,559 - cauveris.api.main - INFO - Incident CAU-0001 progress: SCORING 60.0%
2026-09-30 01:39:50,559 - cauveris.patch.generator - INFO - Generating patches from 4 experiments
2026-09-30 01:39:50,559 - cauveris.patch.generator - INFO - Found 4 completed experiments to analyze
2026-09-30 01:39:50,559 - cauveris.patch.generator - INFO - Generated patch patch-exp-h1_batching_window for exp-h1_batching_window (score: 0.97, repro_rate: 0.0%)
2026-09-30 01:39:50,560 - cauveris.patch.generator - INFO - Generated patch patch-exp-h2_qos_stale_messages for exp-h2_qos_stale_messages (score: 0.42, repro_rate: 100.0%)
2026-09-30 01:39:50,560 - cauveris.patch.generator - INFO - Generated patch patch-exp-h3_clock_skew for exp-h3_clock_skew (score: 0.42, repro_rate: 100.0%)
2026-09-30 01:39:50,560 - cauveris.patch.generator - INFO - Generated patch patch-exp-h4_gpu_load_throttling for exp-h4_gpu_load_throttling (score: 0.42, repro_rate: 100.0%)
2026-09-30 01:39:50,560 - cauveris.patch.generator - INFO - Generated 4 patch candidates in total
2026-09-30 01:39:50,560 - cauveris.state_machine.orchestrator - INFO - Transitioning to PATCH_FORGE: 
2026-09-30 01:39:50,561 - cauveris.api.main - INFO - Incident CAU-0001 progress: PATCH_FORGE 70.0%
2026-09-30 01:39:50,561 - cauveris.verifier.engine - INFO - Verifying 4 patch candidates against 9-point checklist
2026-09-30 01:39:50,561 - cauveris.verifier.engine - INFO - Starting verification battery for patch-exp-h1_batching_window
2026-09-30 01:39:51,155 - cauveris.verifier.engine - INFO - Verification complete for patch-exp-h1_batching_window: VERIFIED=True
2026-09-30 01:39:51,155 - cauveris.verifier.engine - INFO - Starting verification battery for patch-exp-h2_qos_stale_messages
2026-09-30 01:39:51,711 - cauveris.verifier.engine - INFO - Verification complete for patch-exp-h2_qos_stale_messages: VERIFIED=False
2026-09-30 01:39:51,711 - cauveris.verifier.engine - INFO - Starting verification battery for patch-exp-h3_clock_skew
2026-09-30 01:39:52,249 - cauveris.verifier.engine - INFO - Verification complete for patch-exp-h3_clock_skew: VERIFIED=False
2026-09-30 01:39:52,250 - cauveris.verifier.engine - INFO - Starting verification battery for patch-exp-h4_gpu_load_throttling
2026-09-30 01:39:52,800 - cauveris.verifier.engine - INFO - Verification complete for patch-exp-h4_gpu_load_throttling: VERIFIED=False
2026-09-30 01:39:52,800 - cauveris.state_machine.orchestrator - INFO - Transitioning to VERIFYING: 
2026-09-30 01:39:52,801 - cauveris.api.main - INFO - Incident CAU-0001 progress: VERIFYING 80.0%
2026-09-30 01:39:52,801 - cauveris.report.generator - INFO - Generating report for incident CAU-0001
2026-09-30 01:39:52,816 - cauveris.report.generator - INFO - Patch package generated at report\CAU-0001\patch-package
2026-09-30 01:39:52,816 - cauveris.report.generator - INFO - Report generated at report\CAU-0001
2026-09-30 01:39:52,816 - cauveris.state_machine.orchestrator - INFO - Transitioning to AWAITING_REVIEW: 
2026-09-30 01:39:52,817 - cauveris.api.main - INFO - Incident CAU-0001 progress: AWAITING_REVIEW 90.0%
2026-09-30 01:39:52,817 - cauveris.state_machine.orchestrator - INFO - Transitioning to COMPLETED: 
2026-09-30 01:39:52,817 - cauveris.api.main - INFO - Incident CAU-0001 progress: COMPLETED 100.0%
2026-09-30 01:39:52,817 - cauveris.api.main - INFO - Pipeline completed successfully for incident CAU-0001
2026-09-30 01:40:01,651 - cauveris.sandbox.controller - INFO - Planning experiments for 1 hypotheses
2026-09-30 01:40:01,651 - cauveris.sandbox.controller - INFO - Setting up sandboxes and applying interventions for 1 experiments
2026-09-30 01:40:01,651 - cauveris.sandbox.controller - INFO - Setting up branch sandbox for exp-h1_batching_window
2026-09-30 01:40:01,654 - cauveris.sandbox.controller - INFO - [exp-h1_batching_window] Applied H1 intervention: batching_window_ms set to 100
2026-09-30 01:40:01,656 - cauveris.sandbox.controller - INFO - Sandbox ready for exp-h1_batching_window
2026-09-30 01:40:01,656 - cauveris.simulation.runner - INFO - Running digital twin simulations for 1 experiments
2026-09-30 01:40:01,657 - cauveris.simulation.runner - INFO - Starting digital twin simulation for exp-h1_batching_window
2026-09-30 01:40:01,664 - cauveris.simulation.runner - INFO - Simulation completed for exp-h1_batching_window: 0/20 failures (0.0%)
2026-09-30 01:40:04,153 - cauveris.sandbox.controller - INFO - Planning experiments for 1 hypotheses
2026-09-30 01:40:04,154 - cauveris.sandbox.controller - INFO - Setting up sandboxes and applying interventions for 1 experiments
2026-09-30 01:40:04,154 - cauveris.sandbox.controller - INFO - Setting up branch sandbox for exp-h2_qos_stale_messages
2026-09-30 01:40:04,157 - cauveris.sandbox.controller - INFO - [exp-h2_qos_stale_messages] Applied H2 intervention: QoS depth set to 1
2026-09-30 01:40:04,160 - cauveris.sandbox.controller - INFO - Sandbox ready for exp-h2_qos_stale_messages
2026-09-30 01:40:04,160 - cauveris.simulation.runner - INFO - Running digital twin simulations for 1 experiments
2026-09-30 01:40:04,160 - cauveris.simulation.runner - INFO - Starting digital twin simulation for exp-h2_qos_stale_messages
2026-09-30 01:40:04,169 - cauveris.simulation.runner - INFO - Simulation completed for exp-h2_qos_stale_messages: 20/20 failures (100.0%)
2026-09-30 01:40:05,673 - cauveris.sandbox.controller - INFO - Planning experiments for 1 hypotheses
2026-09-30 01:40:05,673 - cauveris.sandbox.controller - INFO - Setting up sandboxes and applying interventions for 1 experiments
2026-09-30 01:40:05,673 - cauveris.sandbox.controller - INFO - Setting up branch sandbox for exp-h3_clock_skew
2026-09-30 01:40:05,676 - cauveris.sandbox.controller - INFO - [exp-h3_clock_skew] Applied H3 intervention: clock skew tolerance added
2026-09-30 01:40:05,679 - cauveris.sandbox.controller - INFO - Sandbox ready for exp-h3_clock_skew
2026-09-30 01:40:05,679 - cauveris.simulation.runner - INFO - Running digital twin simulations for 1 experiments
2026-09-30 01:40:05,679 - cauveris.simulation.runner - INFO - Starting digital twin simulation for exp-h3_clock_skew
2026-09-30 01:40:05,687 - cauveris.simulation.runner - INFO - Simulation completed for exp-h3_clock_skew: 20/20 failures (100.0%)
2026-09-30 01:40:06,784 - cauveris.sandbox.controller - INFO - Planning experiments for 1 hypotheses
2026-09-30 01:40:06,784 - cauveris.sandbox.controller - INFO - Setting up sandboxes and applying interventions for 1 experiments
2026-09-30 01:40:06,784 - cauveris.sandbox.controller - INFO - Setting up branch sandbox for exp-h4_gpu_load_throttling
2026-09-30 01:40:06,786 - cauveris.sandbox.controller - INFO - [exp-h4_gpu_load_throttling] Applied H4 intervention: max batch size set to 4
2026-09-30 01:40:06,789 - cauveris.sandbox.controller - INFO - Sandbox ready for exp-h4_gpu_load_throttling
2026-09-30 01:40:06,789 - cauveris.simulation.runner - INFO - Running digital twin simulations for 1 experiments
2026-09-30 01:40:06,789 - cauveris.simulation.runner - INFO - Starting digital twin simulation for exp-h4_gpu_load_throttling
2026-09-30 01:40:06,797 - cauveris.simulation.runner - INFO - Simulation completed for exp-h4_gpu_load_throttling: 20/20 failures (100.0%)
